Copyright 1986-2020 Xilinx, Inc. All Rights Reserved.
-------------------------------------------------------------------------------------------------------------------------------------------
| Tool Version : Vivado v.2020.2 (win64) Build 3064766 Wed Nov 18 09:12:45 MST 2020
| Date         : Tue Jul 21 11:47:06 2026
| Host         : DESKTOP-7CFQ9ND running 64-bit major release  (build 9200)
| Command      : report_timing_summary -file D:/git/vga/vga_project_640_480/vga_project/vga_uart_project/top_airDrawing_capture_timing.rpt
| Design       : top_airDrawing
| Device       : 7a35t-cpg236
| Speed File   : -1  PRODUCTION 1.23 2018-06-13
-------------------------------------------------------------------------------------------------------------------------------------------

Timing Summary Report

------------------------------------------------------------------------------------------------
| Timer Settings
| --------------
------------------------------------------------------------------------------------------------

  Enable Multi Corner Analysis               :  Yes
  Enable Pessimism Removal                   :  Yes
  Pessimism Removal Resolution               :  Nearest Common Node
  Enable Input Delay Default Clock           :  No
  Enable Preset / Clear Arcs                 :  No
  Disable Flight Delays                      :  No
  Ignore I/O Paths                           :  No
  Timing Early Launch at Borrowing Latches   :  No
  Borrow Time for Max Delay Exceptions       :  Yes
  Merge Timing Exceptions                    :  Yes

  Corner  Analyze    Analyze    
  Name    Max Paths  Min Paths  
  ------  ---------  ---------  
  Slow    Yes        Yes        
  Fast    Yes        Yes        



check_timing report

Table of Contents
-----------------
1. checking no_clock (0)
2. checking constant_clock (0)
3. checking pulse_width_clock (0)
4. checking unconstrained_internal_endpoints (0)
5. checking no_input_delay (7)
6. checking no_output_delay (17)
7. checking multiple_clock (0)
8. checking generated_clocks (0)
9. checking loops (0)
10. checking partial_input_delay (0)
11. checking partial_output_delay (0)
12. checking latch_loops (0)

1. checking no_clock (0)
------------------------
 There are 0 register/latch pins with no clock.


2. checking constant_clock (0)
------------------------------
 There are 0 register/latch pins with constant_clock.


3. checking pulse_width_clock (0)
---------------------------------
 There are 0 register/latch pins which need pulse_width check


4. checking unconstrained_internal_endpoints (0)
------------------------------------------------
 There are 0 pins that are not constrained for maximum delay.

 There are 0 pins that are not constrained for maximum delay due to constant clock.


5. checking no_input_delay (7)
------------------------------
 There are 7 input ports with no input delay specified. (HIGH)

 There are 0 input ports with no input delay but user has a false path constraint.


6. checking no_output_delay (17)
--------------------------------
 There are 17 ports with no output delay specified. (HIGH)

 There are 0 ports with no output delay but user has a false path constraint

 There are 0 ports with no output delay but with a timing clock defined on it or propagating through it


7. checking multiple_clock (0)
------------------------------
 There are 0 register/latch pins with multiple clocks.


8. checking generated_clocks (0)
--------------------------------
 There are 0 generated clocks that are not connected to a clock source.


9. checking loops (0)
---------------------
 There are 0 combinational loops in the design.


10. checking partial_input_delay (0)
------------------------------------
 There are 0 input ports with partial input delay specified.


11. checking partial_output_delay (0)
-------------------------------------
 There are 0 ports with partial output delay specified.


12. checking latch_loops (0)
----------------------------
 There are 0 combinational latch loops in the design through latch input



------------------------------------------------------------------------------------------------
| Design Timing Summary
| ---------------------
------------------------------------------------------------------------------------------------

    WNS(ns)      TNS(ns)  TNS Failing Endpoints  TNS Total Endpoints      WHS(ns)      THS(ns)  THS Failing Endpoints  THS Total Endpoints     WPWS(ns)     TPWS(ns)  TPWS Failing Endpoints  TPWS Total Endpoints  
    -------      -------  ---------------------  -------------------      -------      -------  ---------------------  -------------------     --------     --------  ----------------------  --------------------  
      2.187        0.000                      0                 4823        0.053        0.000                      0                 4823        3.000        0.000                       0                  1421  


All user specified timing constraints are met.


------------------------------------------------------------------------------------------------
| Clock Summary
| -------------
------------------------------------------------------------------------------------------------

Clock          Waveform(ns)       Period(ns)      Frequency(MHz)
-----          ------------       ----------      --------------
cam_pclk       {0.000 21.758}     43.515          22.981          
sys_clk_pin    {0.000 5.000}      10.000          100.000         
  xclk_fb_raw  {0.000 20.000}     40.000          25.000          
  xclk_raw     {0.000 21.757}     43.515          22.981          


------------------------------------------------------------------------------------------------
| Intra Clock Table
| -----------------
------------------------------------------------------------------------------------------------

Clock              WNS(ns)      TNS(ns)  TNS Failing Endpoints  TNS Total Endpoints      WHS(ns)      THS(ns)  THS Failing Endpoints  THS Total Endpoints     WPWS(ns)     TPWS(ns)  TPWS Failing Endpoints  TPWS Total Endpoints  
-----              -------      -------  ---------------------  -------------------      -------      -------  ---------------------  -------------------     --------     --------  ----------------------  --------------------  
cam_pclk            11.876        0.000                      0                 2621        0.053        0.000                      0                 2621       20.507        0.000                       0                   834  
sys_clk_pin          2.187        0.000                      0                 1505        0.106        0.000                      0                 1505        3.000        0.000                       0                   582  
  xclk_fb_raw                                                                                                                                                   37.845        0.000                       0                     3  
  xclk_raw                                                                                                                                                      41.359        0.000                       0                     2  


------------------------------------------------------------------------------------------------
| Inter Clock Table
| -----------------
------------------------------------------------------------------------------------------------

From Clock    To Clock          WNS(ns)      TNS(ns)  TNS Failing Endpoints  TNS Total Endpoints      WHS(ns)      THS(ns)  THS Failing Endpoints  THS Total Endpoints  
----------    --------          -------      -------  ---------------------  -------------------      -------      -------  ---------------------  -------------------  


------------------------------------------------------------------------------------------------
| Other Path Groups Table
| -----------------------
------------------------------------------------------------------------------------------------

Path Group         From Clock         To Clock               WNS(ns)      TNS(ns)  TNS Failing Endpoints  TNS Total Endpoints      WHS(ns)      THS(ns)  THS Failing Endpoints  THS Total Endpoints  
----------         ----------         --------               -------      -------  ---------------------  -------------------      -------      -------  ---------------------  -------------------  
**async_default**  cam_pclk           cam_pclk                37.952        0.000                      0                  234        0.455        0.000                      0                  234  
**async_default**  sys_clk_pin        sys_clk_pin              4.191        0.000                      0                  463        0.553        0.000                      0                  463  


------------------------------------------------------------------------------------------------
| Timing Details
| --------------
------------------------------------------------------------------------------------------------


---------------------------------------------------------------------------------------------------
From Clock:  cam_pclk
  To Clock:  cam_pclk

Setup :            0  Failing Endpoints,  Worst Slack       11.876ns,  Total Violation        0.000ns
Hold  :            0  Failing Endpoints,  Worst Slack        0.053ns,  Total Violation        0.000ns
PW    :            0  Failing Endpoints,  Worst Slack       20.507ns,  Total Violation        0.000ns
---------------------------------------------------------------------------------------------------


Max Delay Paths
--------------------------------------------------------------------------------------
Slack (MET) :             11.876ns  (required time - arrival time)
  Source:                 i_pdata[7]
                            (input port clocked by cam_pclk  {rise@0.000ns fall@21.758ns period=43.515ns})
  Destination:            U_TOP_OV7670/U_CAPTURE_FRONTEND/camera_data_q_reg[7]/D
                            (rising edge-triggered cell FDRE clocked by cam_pclk  {rise@0.000ns fall@21.758ns period=43.515ns})
  Path Group:             cam_pclk
  Path Type:              Setup (Max at Slow Process Corner)
  Requirement:            21.757ns  (cam_pclk rise@43.515ns - cam_pclk fall@21.758ns)
  Data Path Delay:        8.173ns  (logic 8.173ns (100.000%)  route 0.000ns (0.000%))
  Logic Levels:           2  (IBUF=1 ZHOLD_DELAY=1)
  Input Delay:            7.000ns
  Clock Path Skew:        5.136ns (DCD - SCD + CPR)
    Destination Clock Delay (DCD):    5.136ns = ( 48.651 - 43.515 ) 
    Source Clock Delay      (SCD):    0.000ns = ( 21.758 - 21.758 ) 
    Clock Pessimism Removal (CPR):    0.000ns
  Clock Uncertainty:      0.035ns  ((TSJ^2 + TIJ^2)^1/2 + DJ) / 2 + PE
    Total System Jitter     (TSJ):    0.071ns
    Total Input Jitter      (TIJ):    0.000ns
    Discrete Jitter          (DJ):    0.000ns
    Phase Error              (PE):    0.000ns

    Location             Delay type                Incr(ns)  Path(ns)    Netlist Resource(s)
  -------------------------------------------------------------------    -------------------
                         (clock cam_pclk fall edge)
                                                     21.758    21.758 f  
                         input delay                  7.000    28.758    
    K17                                               0.000    28.758 r  i_pdata[7] (IN)
                         net (fo=0)                   0.000    28.758    i_pdata[7]
    K17                  IBUF (Prop_ibuf_I_O)         1.482    30.240 r  i_pdata_IBUF[7]_inst/O
                         net (fo=1, routed)           0.000    30.240    U_TOP_OV7670/U_CAPTURE_FRONTEND/D[7]
    ILOGIC_X0Y25         ZHOLD_DELAY (Prop_zhold_delay_DLYIN_DLYIFF)
                                                      6.691    36.931 r  U_TOP_OV7670/U_CAPTURE_FRONTEND/camera_data_q_reg[7]_OPT_INSERTED/DLYIFF
                         net (fo=1, routed)           0.000    36.931    U_TOP_OV7670/U_CAPTURE_FRONTEND/OPT_ZHD_N_camera_data_q_reg[7]
    ILOGIC_X0Y25         FDRE                                         r  U_TOP_OV7670/U_CAPTURE_FRONTEND/camera_data_q_reg[7]/D
  -------------------------------------------------------------------    -------------------

                         (clock cam_pclk rise edge)
                                                     43.515    43.515 r  
    C16                                               0.000    43.515 r  i_pclk (IN)
                         net (fo=0)                   0.000    43.515    i_pclk
    C16                  IBUF (Prop_ibuf_I_O)         1.367    44.882 r  i_pclk_IBUF_inst/O
                         net (fo=1, routed)           2.155    47.037    i_pclk_IBUF
    BUFGCTRL_X0Y16       BUFG (Prop_bufg_I_O)         0.091    47.128 r  i_pclk_IBUF_BUFG_inst/O
                         net (fo=833, routed)         1.523    48.651    U_TOP_OV7670/U_CAPTURE_FRONTEND/i_pclk_IBUF_BUFG
    ILOGIC_X0Y25         FDRE                                         r  U_TOP_OV7670/U_CAPTURE_FRONTEND/camera_data_q_reg[7]/C
                         clock pessimism              0.000    48.651    
                         clock uncertainty           -0.035    48.616    
    ILOGIC_X0Y25         FDRE (Setup_fdre_C_D)        0.191    48.807    U_TOP_OV7670/U_CAPTURE_FRONTEND/camera_data_q_reg[7]
  -------------------------------------------------------------------
                         required time                         48.807    
                         arrival time                         -36.931    
  -------------------------------------------------------------------
                         slack                                 11.876    





Min Delay Paths
--------------------------------------------------------------------------------------
Slack (MET) :             0.053ns  (arrival time - required time)
  Source:                 U_CANVAS_PIPELINE/U_PEN_TRACKER/U_CENTROID_ACCUM/o_cx_reg[7]/C
                            (rising edge-triggered cell FDRE clocked by cam_pclk  {rise@0.000ns fall@21.758ns period=43.515ns})
  Destination:            U_CANVAS_PIPELINE/U_PEN_TRACKER/U_COORD_FILTER/bx_reg[3][7]/D
                            (rising edge-triggered cell FDRE clocked by cam_pclk  {rise@0.000ns fall@21.758ns period=43.515ns})
  Path Group:             cam_pclk
  Path Type:              Hold (Min at Fast Process Corner)
  Requirement:            0.000ns  (cam_pclk rise@0.000ns - cam_pclk rise@0.000ns)
  Data Path Delay:        0.383ns  (logic 0.164ns (42.845%)  route 0.219ns (57.155%))
  Logic Levels:           0  
  Clock Path Skew:        0.264ns (DCD - SCD - CPR)
    Destination Clock Delay (DCD):    2.121ns
    Source Clock Delay      (SCD):    1.598ns
    Clock Pessimism Removal (CPR):    0.259ns

    Location             Delay type                Incr(ns)  Path(ns)    Netlist Resource(s)
  -------------------------------------------------------------------    -------------------
                         (clock cam_pclk rise edge)
                                                      0.000     0.000 r  
    C16                                               0.000     0.000 r  i_pclk (IN)
                         net (fo=0)                   0.000     0.000    i_pclk
    C16                  IBUF (Prop_ibuf_I_O)         0.206     0.206 r  i_pclk_IBUF_inst/O
                         net (fo=1, routed)           0.802     1.007    i_pclk_IBUF
    BUFGCTRL_X0Y16       BUFG (Prop_bufg_I_O)         0.026     1.033 r  i_pclk_IBUF_BUFG_inst/O
                         net (fo=833, routed)         0.565     1.598    U_CANVAS_PIPELINE/U_PEN_TRACKER/U_CENTROID_ACCUM/i_pclk_IBUF_BUFG
    SLICE_X38Y3          FDRE                                         r  U_CANVAS_PIPELINE/U_PEN_TRACKER/U_CENTROID_ACCUM/o_cx_reg[7]/C
  -------------------------------------------------------------------    -------------------
    SLICE_X38Y3          FDRE (Prop_fdre_C_Q)         0.164     1.762 r  U_CANVAS_PIPELINE/U_PEN_TRACKER/U_CENTROID_ACCUM/o_cx_reg[7]/Q
                         net (fo=14, routed)          0.219     1.981    U_CANVAS_PIPELINE/U_PEN_TRACKER/U_COORD_FILTER/Q[7]
    SLICE_X35Y2          FDRE                                         r  U_CANVAS_PIPELINE/U_PEN_TRACKER/U_COORD_FILTER/bx_reg[3][7]/D
  -------------------------------------------------------------------    -------------------

                         (clock cam_pclk rise edge)
                                                      0.000     0.000 r  
    C16                                               0.000     0.000 r  i_pclk (IN)
                         net (fo=0)                   0.000     0.000    i_pclk
    C16                  IBUF (Prop_ibuf_I_O)         0.393     0.393 r  i_pclk_IBUF_inst/O
                         net (fo=1, routed)           0.865     1.258    i_pclk_IBUF
    BUFGCTRL_X0Y16       BUFG (Prop_bufg_I_O)         0.029     1.287 r  i_pclk_IBUF_BUFG_inst/O
                         net (fo=833, routed)         0.834     2.121    U_CANVAS_PIPELINE/U_PEN_TRACKER/U_COORD_FILTER/i_pclk_IBUF_BUFG
    SLICE_X35Y2          FDRE                                         r  U_CANVAS_PIPELINE/U_PEN_TRACKER/U_COORD_FILTER/bx_reg[3][7]/C
                         clock pessimism             -0.259     1.862    
    SLICE_X35Y2          FDRE (Hold_fdre_C_D)         0.066     1.928    U_CANVAS_PIPELINE/U_PEN_TRACKER/U_COORD_FILTER/bx_reg[3][7]
  -------------------------------------------------------------------
                         required time                         -1.928    
                         arrival time                           1.981    
  -------------------------------------------------------------------
                         slack                                  0.053    





Pulse Width Checks
--------------------------------------------------------------------------------------
Clock Name:         cam_pclk
Waveform(ns):       { 0.000 21.758 }
Period(ns):         43.515
Sources:            { i_pclk }

Check Type        Corner  Lib Pin             Reference Pin  Required(ns)  Actual(ns)  Slack(ns)  Location      Pin
Min Period        n/a     RAMB36E1/CLKARDCLK  n/a            2.892         43.515      40.623     RAMB36_X2Y8   U_CAMERA_LINE_BRIDGE/U_CAMERA_LINE_RING/U_LINE_RAM/xpm_memory_base_inst/gen_wr_b.gen_word_narrow.mem_reg_1_1/CLKARDCLK
Low Pulse Width   Fast    RAMD64E/CLK         n/a            1.250         21.757      20.507     SLICE_X6Y29   U_CAMERA_LINE_BRIDGE/U_CAMERA_LINE_RING/U_DESC_FIFO/mem_reg_0_63_18_20/RAMA/CLK
High Pulse Width  Slow    RAMD64E/CLK         n/a            1.250         21.758      20.508     SLICE_X10Y30  U_CAMERA_LINE_BRIDGE/U_CAMERA_LINE_RING/U_DESC_FIFO/mem_reg_0_63_0_2/RAMA/CLK



---------------------------------------------------------------------------------------------------
From Clock:  sys_clk_pin
  To Clock:  sys_clk_pin

Setup :            0  Failing Endpoints,  Worst Slack        2.187ns,  Total Violation        0.000ns
Hold  :            0  Failing Endpoints,  Worst Slack        0.106ns,  Total Violation        0.000ns
PW    :            0  Failing Endpoints,  Worst Slack        3.000ns,  Total Violation        0.000ns
---------------------------------------------------------------------------------------------------


Max Delay Paths
--------------------------------------------------------------------------------------
Slack (MET) :             2.187ns  (required time - arrival time)
  Source:                 U_VGA_DECODER/U_HV_COUNTER/o_hcount_reg[5]/C
                            (rising edge-triggered cell FDCE clocked by sys_clk_pin  {rise@0.000ns fall@5.000ns period=10.000ns})
  Destination:            U_CAMERA_LINE_BRIDGE/U_CAMERA_LINE_RING/U_LINE_RAM/xpm_memory_base_inst/gen_wr_b.gen_word_narrow.mem_reg_1_9/ADDRBWRADDR[1]
                            (rising edge-triggered cell RAMB36E1 clocked by sys_clk_pin  {rise@0.000ns fall@5.000ns period=10.000ns})
  Path Group:             sys_clk_pin
  Path Type:              Setup (Max at Slow Process Corner)
  Requirement:            10.000ns  (sys_clk_pin rise@10.000ns - sys_clk_pin rise@0.000ns)
  Data Path Delay:        7.129ns  (logic 2.698ns (37.846%)  route 4.431ns (62.154%))
  Logic Levels:           2  (DSP48E1=1 LUT4=1)
  Clock Path Skew:        -0.082ns (DCD - SCD + CPR)
    Destination Clock Delay (DCD):    4.808ns = ( 14.808 - 10.000 ) 
    Source Clock Delay      (SCD):    5.070ns
    Clock Pessimism Removal (CPR):    0.180ns
  Clock Uncertainty:      0.035ns  ((TSJ^2 + TIJ^2)^1/2 + DJ) / 2 + PE
    Total System Jitter     (TSJ):    0.071ns
    Total Input Jitter      (TIJ):    0.000ns
    Discrete Jitter          (DJ):    0.000ns
    Phase Error              (PE):    0.000ns

    Location             Delay type                Incr(ns)  Path(ns)    Netlist Resource(s)
  -------------------------------------------------------------------    -------------------
                         (clock sys_clk_pin rise edge)
                                                      0.000     0.000 r  
    W5                                                0.000     0.000 r  clk (IN)
                         net (fo=0)                   0.000     0.000    clk
    W5                   IBUF (Prop_ibuf_I_O)         1.458     1.458 r  clk_IBUF_inst/O
                         net (fo=1, routed)           1.967     3.425    clk_IBUF
    BUFGCTRL_X0Y1        BUFG (Prop_bufg_I_O)         0.096     3.521 r  clk_IBUF_BUFG_inst/O
                         net (fo=582, routed)         1.549     5.070    U_VGA_DECODER/U_HV_COUNTER/clk_IBUF_BUFG
    SLICE_X12Y25         FDCE                                         r  U_VGA_DECODER/U_HV_COUNTER/o_hcount_reg[5]/C
  -------------------------------------------------------------------    -------------------
    SLICE_X12Y25         FDCE (Prop_fdce_C_Q)         0.518     5.588 r  U_VGA_DECODER/U_HV_COUNTER/o_hcount_reg[5]/Q
                         net (fo=13, routed)          1.021     6.609    U_VGA_DECODER/U_HV_COUNTER/screen_x[5]
    SLICE_X13Y27         LUT4 (Prop_lut4_I0_O)        0.152     6.761 r  U_VGA_DECODER/U_HV_COUNTER/read_addr_i_6/O
                         net (fo=13, routed)          0.621     7.381    U_CAMERA_LINE_BRIDGE/U_CAMERA_LINE_RING/read_addr_0[5]
    DSP48_X0Y10          DSP48E1 (Prop_dsp48e1_C[5]_P[1])
                                                      2.028     9.409 r  U_CAMERA_LINE_BRIDGE/U_CAMERA_LINE_RING/read_addr/P[1]
                         net (fo=24, routed)          2.790    12.199    U_CAMERA_LINE_BRIDGE/U_CAMERA_LINE_RING/U_LINE_RAM/xpm_memory_base_inst/addrb[1]
    RAMB36_X0Y15         RAMB36E1                                     r  U_CAMERA_LINE_BRIDGE/U_CAMERA_LINE_RING/U_LINE_RAM/xpm_memory_base_inst/gen_wr_b.gen_word_narrow.mem_reg_1_9/ADDRBWRADDR[1]
  -------------------------------------------------------------------    -------------------

                         (clock sys_clk_pin rise edge)
                                                     10.000    10.000 r  
    W5                                                0.000    10.000 r  clk (IN)
                         net (fo=0)                   0.000    10.000    clk
    W5                   IBUF (Prop_ibuf_I_O)         1.388    11.388 r  clk_IBUF_inst/O
                         net (fo=1, routed)           1.862    13.250    clk_IBUF
    BUFGCTRL_X0Y1        BUFG (Prop_bufg_I_O)         0.091    13.341 r  clk_IBUF_BUFG_inst/O
                         net (fo=582, routed)         1.467    14.808    U_CAMERA_LINE_BRIDGE/U_CAMERA_LINE_RING/U_LINE_RAM/xpm_memory_base_inst/clkb
    RAMB36_X0Y15         RAMB36E1                                     r  U_CAMERA_LINE_BRIDGE/U_CAMERA_LINE_RING/U_LINE_RAM/xpm_memory_base_inst/gen_wr_b.gen_word_narrow.mem_reg_1_9/CLKBWRCLK
                         clock pessimism              0.180    14.988    
                         clock uncertainty           -0.035    14.953    
    RAMB36_X0Y15         RAMB36E1 (Setup_ramb36e1_CLKBWRCLK_ADDRBWRADDR[1])
                                                     -0.566    14.387    U_CAMERA_LINE_BRIDGE/U_CAMERA_LINE_RING/U_LINE_RAM/xpm_memory_base_inst/gen_wr_b.gen_word_narrow.mem_reg_1_9
  -------------------------------------------------------------------
                         required time                         14.387    
                         arrival time                         -12.199    
  -------------------------------------------------------------------
                         slack                                  2.187    





Min Delay Paths
--------------------------------------------------------------------------------------
Slack (MET) :             0.106ns  (arrival time - required time)
  Source:                 U_PEN_CONFIG_CONTROLLER/o_texture_enable_reg/C
                            (rising edge-triggered cell FDCE clocked by sys_clk_pin  {rise@0.000ns fall@5.000ns period=10.000ns})
  Destination:            U_TOP_UART/U_UART_PACKET_SENDER/control_latched_reg[7]/D
                            (rising edge-triggered cell FDCE clocked by sys_clk_pin  {rise@0.000ns fall@5.000ns period=10.000ns})
  Path Group:             sys_clk_pin
  Path Type:              Hold (Min at Fast Process Corner)
  Requirement:            0.000ns  (sys_clk_pin rise@0.000ns - sys_clk_pin rise@0.000ns)
  Data Path Delay:        0.443ns  (logic 0.141ns (31.841%)  route 0.302ns (68.159%))
  Logic Levels:           0  
  Clock Path Skew:        0.267ns (DCD - SCD - CPR)
    Destination Clock Delay (DCD):    1.953ns
    Source Clock Delay      (SCD):    1.437ns
    Clock Pessimism Removal (CPR):    0.249ns

    Location             Delay type                Incr(ns)  Path(ns)    Netlist Resource(s)
  -------------------------------------------------------------------    -------------------
                         (clock sys_clk_pin rise edge)
                                                      0.000     0.000 r  
    W5                                                0.000     0.000 r  clk (IN)
                         net (fo=0)                   0.000     0.000    clk
    W5                   IBUF (Prop_ibuf_I_O)         0.226     0.226 r  clk_IBUF_inst/O
                         net (fo=1, routed)           0.631     0.858    clk_IBUF
    BUFGCTRL_X0Y1        BUFG (Prop_bufg_I_O)         0.026     0.884 r  clk_IBUF_BUFG_inst/O
                         net (fo=582, routed)         0.554     1.437    U_PEN_CONFIG_CONTROLLER/clk_IBUF_BUFG
    SLICE_X36Y20         FDCE                                         r  U_PEN_CONFIG_CONTROLLER/o_texture_enable_reg/C
  -------------------------------------------------------------------    -------------------
    SLICE_X36Y20         FDCE (Prop_fdce_C_Q)         0.141     1.578 r  U_PEN_CONFIG_CONTROLLER/o_texture_enable_reg/Q
                         net (fo=13, routed)          0.302     1.880    U_TOP_UART/U_UART_PACKET_SENDER/D[6]
    SLICE_X28Y16         FDCE                                         r  U_TOP_UART/U_UART_PACKET_SENDER/control_latched_reg[7]/D
  -------------------------------------------------------------------    -------------------

                         (clock sys_clk_pin rise edge)
                                                      0.000     0.000 r  
    W5                                                0.000     0.000 r  clk (IN)
                         net (fo=0)                   0.000     0.000    clk
    W5                   IBUF (Prop_ibuf_I_O)         0.414     0.414 r  clk_IBUF_inst/O
                         net (fo=1, routed)           0.685     1.099    clk_IBUF
    BUFGCTRL_X0Y1        BUFG (Prop_bufg_I_O)         0.029     1.128 r  clk_IBUF_BUFG_inst/O
                         net (fo=582, routed)         0.826     1.953    U_TOP_UART/U_UART_PACKET_SENDER/clk_IBUF_BUFG
    SLICE_X28Y16         FDCE                                         r  U_TOP_UART/U_UART_PACKET_SENDER/control_latched_reg[7]/C
                         clock pessimism             -0.249     1.704    
    SLICE_X28Y16         FDCE (Hold_fdce_C_D)         0.070     1.774    U_TOP_UART/U_UART_PACKET_SENDER/control_latched_reg[7]
  -------------------------------------------------------------------
                         required time                         -1.774    
                         arrival time                           1.880    
  -------------------------------------------------------------------
                         slack                                  0.106    





Pulse Width Checks
--------------------------------------------------------------------------------------
Clock Name:         sys_clk_pin
Waveform(ns):       { 0.000 5.000 }
Period(ns):         10.000
Sources:            { clk }

Check Type        Corner  Lib Pin             Reference Pin  Required(ns)  Actual(ns)  Slack(ns)  Location         Pin
Min Period        n/a     RAMB36E1/CLKBWRCLK  n/a            3.363         10.000      6.637      RAMB36_X2Y8      U_CAMERA_LINE_BRIDGE/U_CAMERA_LINE_RING/U_LINE_RAM/xpm_memory_base_inst/gen_wr_b.gen_word_narrow.mem_reg_1_1/CLKBWRCLK
Max Period        n/a     MMCME2_ADV/CLKIN1   n/a            100.000       10.000      90.000     MMCME2_ADV_X1Y0  U_CLOCK_GEN/U_CAMERA_PLL/CLKIN1
Low Pulse Width   Slow    MMCME2_ADV/CLKIN1   n/a            2.000         5.000       3.000      MMCME2_ADV_X1Y0  U_CLOCK_GEN/U_CAMERA_PLL/CLKIN1
High Pulse Width  Fast    MMCME2_ADV/CLKIN1   n/a            2.000         5.000       3.000      MMCME2_ADV_X1Y0  U_CLOCK_GEN/U_CAMERA_PLL/CLKIN1



---------------------------------------------------------------------------------------------------
From Clock:  xclk_fb_raw
  To Clock:  xclk_fb_raw

Setup :           NA  Failing Endpoints,  Worst Slack           NA  ,  Total Violation           NA
Hold  :           NA  Failing Endpoints,  Worst Slack           NA  ,  Total Violation           NA
PW    :            0  Failing Endpoints,  Worst Slack       37.845ns,  Total Violation        0.000ns
---------------------------------------------------------------------------------------------------


Pulse Width Checks
--------------------------------------------------------------------------------------
Clock Name:         xclk_fb_raw
Waveform(ns):       { 0.000 20.000 }
Period(ns):         40.000
Sources:            { U_CLOCK_GEN/U_CAMERA_PLL/CLKFBOUT }

Check Type  Corner  Lib Pin             Reference Pin  Required(ns)  Actual(ns)  Slack(ns)  Location         Pin
Min Period  n/a     BUFG/I              n/a            2.155         40.000      37.845     BUFGCTRL_X0Y2    U_CLOCK_GEN/U_CAMERA_PLL_FB/I
Max Period  n/a     MMCME2_ADV/CLKFBIN  n/a            100.000       40.000      60.000     MMCME2_ADV_X1Y0  U_CLOCK_GEN/U_CAMERA_PLL/CLKFBIN



---------------------------------------------------------------------------------------------------
From Clock:  xclk_raw
  To Clock:  xclk_raw

Setup :           NA  Failing Endpoints,  Worst Slack           NA  ,  Total Violation           NA
Hold  :           NA  Failing Endpoints,  Worst Slack           NA  ,  Total Violation           NA
PW    :            0  Failing Endpoints,  Worst Slack       41.359ns,  Total Violation        0.000ns
---------------------------------------------------------------------------------------------------


Pulse Width Checks
--------------------------------------------------------------------------------------
Clock Name:         xclk_raw
Waveform(ns):       { 0.000 21.757 }
Period(ns):         43.515
Sources:            { U_CLOCK_GEN/U_CAMERA_PLL/CLKOUT0 }

Check Type  Corner  Lib Pin             Reference Pin  Required(ns)  Actual(ns)  Slack(ns)  Location         Pin
Min Period  n/a     BUFG/I              n/a            2.155         43.515      41.359     BUFGCTRL_X0Y0    U_CLOCK_GEN/U_CAMERA_XCLK_BUF/I
Max Period  n/a     MMCME2_ADV/CLKOUT0  n/a            213.360       43.515      169.845    MMCME2_ADV_X1Y0  U_CLOCK_GEN/U_CAMERA_PLL/CLKOUT0



---------------------------------------------------------------------------------------------------
Path Group:  **async_default**
From Clock:  cam_pclk
  To Clock:  cam_pclk

Setup :            0  Failing Endpoints,  Worst Slack       37.952ns,  Total Violation        0.000ns
Hold  :            0  Failing Endpoints,  Worst Slack        0.455ns,  Total Violation        0.000ns
---------------------------------------------------------------------------------------------------


Max Delay Paths
--------------------------------------------------------------------------------------
Slack (MET) :             37.952ns  (required time - arrival time)
  Source:                 U_RESET_CONTROLLER/system_reset_pclk_pipe_reg[1]/C
                            (rising edge-triggered cell FDPE clocked by cam_pclk  {rise@0.000ns fall@21.758ns period=43.515ns})
  Destination:            U_CANVAS_PIPELINE/U_BRUSH_DRAW_ENGINE/U_CIRCULAR_BRUSH_RENDERER/o_ram_we_reg/CLR
                            (recovery check against rising-edge clock cam_pclk  {rise@0.000ns fall@21.758ns period=43.515ns})
  Path Group:             **async_default**
  Path Type:              Recovery (Max at Slow Process Corner)
  Requirement:            43.515ns  (cam_pclk rise@43.515ns - cam_pclk rise@0.000ns)
  Data Path Delay:        4.937ns  (logic 0.419ns (8.488%)  route 4.518ns (91.512%))
  Logic Levels:           0  
  Clock Path Skew:        -0.097ns (DCD - SCD + CPR)
    Destination Clock Delay (DCD):    5.064ns = ( 48.579 - 43.515 ) 
    Source Clock Delay      (SCD):    5.361ns
    Clock Pessimism Removal (CPR):    0.200ns
  Clock Uncertainty:      0.035ns  ((TSJ^2 + TIJ^2)^1/2 + DJ) / 2 + PE
    Total System Jitter     (TSJ):    0.071ns
    Total Input Jitter      (TIJ):    0.000ns
    Discrete Jitter          (DJ):    0.000ns
    Phase Error              (PE):    0.000ns

    Location             Delay type                Incr(ns)  Path(ns)    Netlist Resource(s)
  -------------------------------------------------------------------    -------------------
                         (clock cam_pclk rise edge)
                                                      0.000     0.000 r  
    C16                                               0.000     0.000 r  i_pclk (IN)
                         net (fo=0)                   0.000     0.000    i_pclk
    C16                  IBUF (Prop_ibuf_I_O)         1.437     1.437 r  i_pclk_IBUF_inst/O
                         net (fo=1, routed)           2.273     3.711    i_pclk_IBUF
    BUFGCTRL_X0Y16       BUFG (Prop_bufg_I_O)         0.096     3.807 r  i_pclk_IBUF_BUFG_inst/O
                         net (fo=833, routed)         1.554     5.361    U_RESET_CONTROLLER/i_pclk_IBUF_BUFG
    SLICE_X28Y28         FDPE                                         r  U_RESET_CONTROLLER/system_reset_pclk_pipe_reg[1]/C
  -------------------------------------------------------------------    -------------------
    SLICE_X28Y28         FDPE (Prop_fdpe_C_Q)         0.419     5.780 f  U_RESET_CONTROLLER/system_reset_pclk_pipe_reg[1]/Q
                         net (fo=307, routed)         4.518    10.298    U_CANVAS_PIPELINE/U_BRUSH_DRAW_ENGINE/U_CIRCULAR_BRUSH_RENDERER/o_system_pclk_rst
    SLICE_X50Y14         FDCE                                         f  U_CANVAS_PIPELINE/U_BRUSH_DRAW_ENGINE/U_CIRCULAR_BRUSH_RENDERER/o_ram_we_reg/CLR
  -------------------------------------------------------------------    -------------------

                         (clock cam_pclk rise edge)
                                                     43.515    43.515 r  
    C16                                               0.000    43.515 r  i_pclk (IN)
                         net (fo=0)                   0.000    43.515    i_pclk
    C16                  IBUF (Prop_ibuf_I_O)         1.367    44.882 r  i_pclk_IBUF_inst/O
                         net (fo=1, routed)           2.155    47.037    i_pclk_IBUF
    BUFGCTRL_X0Y16       BUFG (Prop_bufg_I_O)         0.091    47.128 r  i_pclk_IBUF_BUFG_inst/O
                         net (fo=833, routed)         1.450    48.579    U_CANVAS_PIPELINE/U_BRUSH_DRAW_ENGINE/U_CIRCULAR_BRUSH_RENDERER/i_pclk_IBUF_BUFG
    SLICE_X50Y14         FDCE                                         r  U_CANVAS_PIPELINE/U_BRUSH_DRAW_ENGINE/U_CIRCULAR_BRUSH_RENDERER/o_ram_we_reg/C
                         clock pessimism              0.200    48.779    
                         clock uncertainty           -0.035    48.744    
    SLICE_X50Y14         FDCE (Recov_fdce_C_CLR)     -0.494    48.250    U_CANVAS_PIPELINE/U_BRUSH_DRAW_ENGINE/U_CIRCULAR_BRUSH_RENDERER/o_ram_we_reg
  -------------------------------------------------------------------
                         required time                         48.250    
                         arrival time                         -10.298    
  -------------------------------------------------------------------
                         slack                                 37.952    





Min Delay Paths
--------------------------------------------------------------------------------------
Slack (MET) :             0.455ns  (arrival time - required time)
  Source:                 U_RESET_CONTROLLER/system_reset_pclk_pipe_reg[1]/C
                            (rising edge-triggered cell FDPE clocked by cam_pclk  {rise@0.000ns fall@21.758ns period=43.515ns})
  Destination:            U_CANVAS_PIPELINE/U_BRUSH_DRAW_ENGINE/U_BRESENHAM_INTERPOLATOR/err_reg[8]/CLR
                            (removal check against rising-edge clock cam_pclk  {rise@0.000ns fall@21.758ns period=43.515ns})
  Path Group:             **async_default**
  Path Type:              Removal (Min at Fast Process Corner)
  Requirement:            0.000ns  (cam_pclk rise@0.000ns - cam_pclk rise@0.000ns)
  Data Path Delay:        0.601ns  (logic 0.128ns (21.298%)  route 0.473ns (78.702%))
  Logic Levels:           0  
  Clock Path Skew:        0.267ns (DCD - SCD - CPR)
    Destination Clock Delay (DCD):    2.114ns
    Source Clock Delay      (SCD):    1.588ns
    Clock Pessimism Removal (CPR):    0.259ns

    Location             Delay type                Incr(ns)  Path(ns)    Netlist Resource(s)
  -------------------------------------------------------------------    -------------------
                         (clock cam_pclk rise edge)
                                                      0.000     0.000 r  
    C16                                               0.000     0.000 r  i_pclk (IN)
                         net (fo=0)                   0.000     0.000    i_pclk
    C16                  IBUF (Prop_ibuf_I_O)         0.206     0.206 r  i_pclk_IBUF_inst/O
                         net (fo=1, routed)           0.802     1.007    i_pclk_IBUF
    BUFGCTRL_X0Y16       BUFG (Prop_bufg_I_O)         0.026     1.033 r  i_pclk_IBUF_BUFG_inst/O
                         net (fo=833, routed)         0.555     1.588    U_RESET_CONTROLLER/i_pclk_IBUF_BUFG
    SLICE_X28Y28         FDPE                                         r  U_RESET_CONTROLLER/system_reset_pclk_pipe_reg[1]/C
  -------------------------------------------------------------------    -------------------
    SLICE_X28Y28         FDPE (Prop_fdpe_C_Q)         0.128     1.716 f  U_RESET_CONTROLLER/system_reset_pclk_pipe_reg[1]/Q
                         net (fo=307, routed)         0.473     2.189    U_CANVAS_PIPELINE/U_BRUSH_DRAW_ENGINE/U_BRESENHAM_INTERPOLATOR/o_system_pclk_rst
    SLICE_X38Y16         FDCE                                         f  U_CANVAS_PIPELINE/U_BRUSH_DRAW_ENGINE/U_BRESENHAM_INTERPOLATOR/err_reg[8]/CLR
  -------------------------------------------------------------------    -------------------

                         (clock cam_pclk rise edge)
                                                      0.000     0.000 r  
    C16                                               0.000     0.000 r  i_pclk (IN)
                         net (fo=0)                   0.000     0.000    i_pclk
    C16                  IBUF (Prop_ibuf_I_O)         0.393     0.393 r  i_pclk_IBUF_inst/O
                         net (fo=1, routed)           0.865     1.258    i_pclk_IBUF
    BUFGCTRL_X0Y16       BUFG (Prop_bufg_I_O)         0.029     1.287 r  i_pclk_IBUF_BUFG_inst/O
                         net (fo=833, routed)         0.827     2.114    U_CANVAS_PIPELINE/U_BRUSH_DRAW_ENGINE/U_BRESENHAM_INTERPOLATOR/i_pclk_IBUF_BUFG
    SLICE_X38Y16         FDCE                                         r  U_CANVAS_PIPELINE/U_BRUSH_DRAW_ENGINE/U_BRESENHAM_INTERPOLATOR/err_reg[8]/C
                         clock pessimism             -0.259     1.855    
    SLICE_X38Y16         FDCE (Remov_fdce_C_CLR)     -0.121     1.734    U_CANVAS_PIPELINE/U_BRUSH_DRAW_ENGINE/U_BRESENHAM_INTERPOLATOR/err_reg[8]
  -------------------------------------------------------------------
                         required time                         -1.734    
                         arrival time                           2.189    
  -------------------------------------------------------------------
                         slack                                  0.455    





---------------------------------------------------------------------------------------------------
Path Group:  **async_default**
From Clock:  sys_clk_pin
  To Clock:  sys_clk_pin

Setup :            0  Failing Endpoints,  Worst Slack        4.191ns,  Total Violation        0.000ns
Hold  :            0  Failing Endpoints,  Worst Slack        0.553ns,  Total Violation        0.000ns
---------------------------------------------------------------------------------------------------


Max Delay Paths
--------------------------------------------------------------------------------------
Slack (MET) :             4.191ns  (required time - arrival time)
  Source:                 U_RESET_CONTROLLER/system_reset_pipe_reg[1]/C
                            (rising edge-triggered cell FDPE clocked by sys_clk_pin  {rise@0.000ns fall@5.000ns period=10.000ns})
  Destination:            U_TOP_OV7670/U_SCCB_CTRL/startup_cnt_reg[0]/CLR
                            (recovery check against rising-edge clock sys_clk_pin  {rise@0.000ns fall@5.000ns period=10.000ns})
  Path Group:             **async_default**
  Path Type:              Recovery (Max at Slow Process Corner)
  Requirement:            10.000ns  (sys_clk_pin rise@10.000ns - sys_clk_pin rise@0.000ns)
  Data Path Delay:        5.399ns  (logic 0.456ns (8.446%)  route 4.943ns (91.554%))
  Logic Levels:           0  
  Clock Path Skew:        0.030ns (DCD - SCD + CPR)
    Destination Clock Delay (DCD):    4.856ns = ( 14.856 - 10.000 ) 
    Source Clock Delay      (SCD):    5.086ns
    Clock Pessimism Removal (CPR):    0.260ns
  Clock Uncertainty:      0.035ns  ((TSJ^2 + TIJ^2)^1/2 + DJ) / 2 + PE
    Total System Jitter     (TSJ):    0.071ns
    Total Input Jitter      (TIJ):    0.000ns
    Discrete Jitter          (DJ):    0.000ns
    Phase Error              (PE):    0.000ns

    Location             Delay type                Incr(ns)  Path(ns)    Netlist Resource(s)
  -------------------------------------------------------------------    -------------------
                         (clock sys_clk_pin rise edge)
                                                      0.000     0.000 r  
    W5                                                0.000     0.000 r  clk (IN)
                         net (fo=0)                   0.000     0.000    clk
    W5                   IBUF (Prop_ibuf_I_O)         1.458     1.458 r  clk_IBUF_inst/O
                         net (fo=1, routed)           1.967     3.425    clk_IBUF
    BUFGCTRL_X0Y1        BUFG (Prop_bufg_I_O)         0.096     3.521 r  clk_IBUF_BUFG_inst/O
                         net (fo=582, routed)         1.565     5.086    U_RESET_CONTROLLER/clk_IBUF_BUFG
    SLICE_X29Y8          FDPE                                         r  U_RESET_CONTROLLER/system_reset_pipe_reg[1]/C
  -------------------------------------------------------------------    -------------------
    SLICE_X29Y8          FDPE (Prop_fdpe_C_Q)         0.456     5.542 f  U_RESET_CONTROLLER/system_reset_pipe_reg[1]/Q
                         net (fo=508, routed)         4.943    10.485    U_TOP_OV7670/U_SCCB_CTRL/o_system_rst
    SLICE_X7Y10          FDCE                                         f  U_TOP_OV7670/U_SCCB_CTRL/startup_cnt_reg[0]/CLR
  -------------------------------------------------------------------    -------------------

                         (clock sys_clk_pin rise edge)
                                                     10.000    10.000 r  
    W5                                                0.000    10.000 r  clk (IN)
                         net (fo=0)                   0.000    10.000    clk
    W5                   IBUF (Prop_ibuf_I_O)         1.388    11.388 r  clk_IBUF_inst/O
                         net (fo=1, routed)           1.862    13.250    clk_IBUF
    BUFGCTRL_X0Y1        BUFG (Prop_bufg_I_O)         0.091    13.341 r  clk_IBUF_BUFG_inst/O
                         net (fo=582, routed)         1.515    14.856    U_TOP_OV7670/U_SCCB_CTRL/clk_IBUF_BUFG
    SLICE_X7Y10          FDCE                                         r  U_TOP_OV7670/U_SCCB_CTRL/startup_cnt_reg[0]/C
                         clock pessimism              0.260    15.116    
                         clock uncertainty           -0.035    15.081    
    SLICE_X7Y10          FDCE (Recov_fdce_C_CLR)     -0.405    14.676    U_TOP_OV7670/U_SCCB_CTRL/startup_cnt_reg[0]
  -------------------------------------------------------------------
                         required time                         14.676    
                         arrival time                         -10.485    
  -------------------------------------------------------------------
                         slack                                  4.191    





Min Delay Paths
--------------------------------------------------------------------------------------
Slack (MET) :             0.553ns  (arrival time - required time)
  Source:                 U_RESET_CONTROLLER/system_reset_pipe_reg[1]/C
                            (rising edge-triggered cell FDPE clocked by sys_clk_pin  {rise@0.000ns fall@5.000ns period=10.000ns})
  Destination:            U_TOP_UART/U_UART_PACKET_SENDER/U_BAUD_TICK_16/phase_acc_reg[0]/CLR
                            (removal check against rising-edge clock sys_clk_pin  {rise@0.000ns fall@5.000ns period=10.000ns})
  Path Group:             **async_default**
  Path Type:              Removal (Min at Fast Process Corner)
  Requirement:            0.000ns  (sys_clk_pin rise@0.000ns - sys_clk_pin rise@0.000ns)
  Data Path Delay:        0.493ns  (logic 0.141ns (28.584%)  route 0.352ns (71.416%))
  Logic Levels:           0  
  Clock Path Skew:        0.032ns (DCD - SCD - CPR)
    Destination Clock Delay (DCD):    1.955ns
    Source Clock Delay      (SCD):    1.445ns
    Clock Pessimism Removal (CPR):    0.478ns

    Location             Delay type                Incr(ns)  Path(ns)    Netlist Resource(s)
  -------------------------------------------------------------------    -------------------
                         (clock sys_clk_pin rise edge)
                                                      0.000     0.000 r  
    W5                                                0.000     0.000 r  clk (IN)
                         net (fo=0)                   0.000     0.000    clk
    W5                   IBUF (Prop_ibuf_I_O)         0.226     0.226 r  clk_IBUF_inst/O
                         net (fo=1, routed)           0.631     0.858    clk_IBUF
    BUFGCTRL_X0Y1        BUFG (Prop_bufg_I_O)         0.026     0.884 r  clk_IBUF_BUFG_inst/O
                         net (fo=582, routed)         0.562     1.445    U_RESET_CONTROLLER/clk_IBUF_BUFG
    SLICE_X29Y8          FDPE                                         r  U_RESET_CONTROLLER/system_reset_pipe_reg[1]/C
  -------------------------------------------------------------------    -------------------
    SLICE_X29Y8          FDPE (Prop_fdpe_C_Q)         0.141     1.586 f  U_RESET_CONTROLLER/system_reset_pipe_reg[1]/Q
                         net (fo=508, routed)         0.352     1.938    U_TOP_UART/U_UART_PACKET_SENDER/U_BAUD_TICK_16/o_system_rst
    SLICE_X31Y12         FDCE                                         f  U_TOP_UART/U_UART_PACKET_SENDER/U_BAUD_TICK_16/phase_acc_reg[0]/CLR
  -------------------------------------------------------------------    -------------------

                         (clock sys_clk_pin rise edge)
                                                      0.000     0.000 r  
    W5                                                0.000     0.000 r  clk (IN)
                         net (fo=0)                   0.000     0.000    clk
    W5                   IBUF (Prop_ibuf_I_O)         0.414     0.414 r  clk_IBUF_inst/O
                         net (fo=1, routed)           0.685     1.099    clk_IBUF
    BUFGCTRL_X0Y1        BUFG (Prop_bufg_I_O)         0.029     1.128 r  clk_IBUF_BUFG_inst/O
                         net (fo=582, routed)         0.828     1.955    U_TOP_UART/U_UART_PACKET_SENDER/U_BAUD_TICK_16/clk_IBUF_BUFG
    SLICE_X31Y12         FDCE                                         r  U_TOP_UART/U_UART_PACKET_SENDER/U_BAUD_TICK_16/phase_acc_reg[0]/C
                         clock pessimism             -0.478     1.477    
    SLICE_X31Y12         FDCE (Remov_fdce_C_CLR)     -0.092     1.385    U_TOP_UART/U_UART_PACKET_SENDER/U_BAUD_TICK_16/phase_acc_reg[0]
  -------------------------------------------------------------------
                         required time                         -1.385    
                         arrival time                           1.938    
  -------------------------------------------------------------------
                         slack                                  0.553    





