Copyright 1986-2020 Xilinx, Inc. All Rights Reserved.
-------------------------------------------------------------------------------------------------------------------------------------
| Tool Version : Vivado v.2020.2 (win64) Build 3064766 Wed Nov 18 09:12:45 MST 2020
| Date         : Mon Jul 20 03:27:13 2026
| Host         : asdf running 64-bit major release  (build 9200)
| Command      : report_timing_summary -file C:/Users/nayun/git/vivado_20.2_win/vga/vga_project/vga_uart_project/vga_impl_timing.rpt
| Design       : top_airDrawing
| Device       : 7a35t-cpg236
| Speed File   : -1  PRODUCTION 1.23 2018-06-13
-------------------------------------------------------------------------------------------------------------------------------------

Timing Summary Report

------------------------------------------------------------------------------------------------
| Timer Settings
| --------------
------------------------------------------------------------------------------------------------

  Enable Multi Corner Analysis               :  Yes
  Enable Pessimism Removal                   :  Yes
  Pessimism Removal Resolution               :  Nearest Common Node
  Enable Input Delay Default Clock           :  No
  Enable Preset / Clear Arcs                 :  No
  Disable Flight Delays                      :  No
  Ignore I/O Paths                           :  No
  Timing Early Launch at Borrowing Latches   :  No
  Borrow Time for Max Delay Exceptions       :  Yes
  Merge Timing Exceptions                    :  Yes

  Corner  Analyze    Analyze    
  Name    Max Paths  Min Paths  
  ------  ---------  ---------  
  Slow    Yes        Yes        
  Fast    Yes        Yes        



check_timing report

Table of Contents
-----------------
1. checking no_clock (0)
2. checking constant_clock (0)
3. checking pulse_width_clock (0)
4. checking unconstrained_internal_endpoints (0)
5. checking no_input_delay (7)
6. checking no_output_delay (17)
7. checking multiple_clock (0)
8. checking generated_clocks (0)
9. checking loops (0)
10. checking partial_input_delay (0)
11. checking partial_output_delay (0)
12. checking latch_loops (0)

1. checking no_clock (0)
------------------------
 There are 0 register/latch pins with no clock.


2. checking constant_clock (0)
------------------------------
 There are 0 register/latch pins with constant_clock.


3. checking pulse_width_clock (0)
---------------------------------
 There are 0 register/latch pins which need pulse_width check


4. checking unconstrained_internal_endpoints (0)
------------------------------------------------
 There are 0 pins that are not constrained for maximum delay.

 There are 0 pins that are not constrained for maximum delay due to constant clock.


5. checking no_input_delay (7)
------------------------------
 There are 7 input ports with no input delay specified. (HIGH)

 There are 0 input ports with no input delay but user has a false path constraint.


6. checking no_output_delay (17)
--------------------------------
 There are 17 ports with no output delay specified. (HIGH)

 There are 0 ports with no output delay but user has a false path constraint

 There are 0 ports with no output delay but with a timing clock defined on it or propagating through it


7. checking multiple_clock (0)
------------------------------
 There are 0 register/latch pins with multiple clocks.


8. checking generated_clocks (0)
--------------------------------
 There are 0 generated clocks that are not connected to a clock source.


9. checking loops (0)
---------------------
 There are 0 combinational loops in the design.


10. checking partial_input_delay (0)
------------------------------------
 There are 0 input ports with partial input delay specified.


11. checking partial_output_delay (0)
-------------------------------------
 There are 0 ports with partial output delay specified.


12. checking latch_loops (0)
----------------------------
 There are 0 combinational latch loops in the design through latch input



------------------------------------------------------------------------------------------------
| Design Timing Summary
| ---------------------
------------------------------------------------------------------------------------------------

    WNS(ns)      TNS(ns)  TNS Failing Endpoints  TNS Total Endpoints      WHS(ns)      THS(ns)  THS Failing Endpoints  THS Total Endpoints     WPWS(ns)     TPWS(ns)  TPWS Failing Endpoints  TPWS Total Endpoints  
    -------      -------  ---------------------  -------------------      -------      -------  ---------------------  -------------------     --------     --------  ----------------------  --------------------  
      1.519        0.000                      0                 4786        0.023        0.000                      0                 4786        3.000        0.000                       0                  1409  


All user specified timing constraints are met.


------------------------------------------------------------------------------------------------
| Clock Summary
| -------------
------------------------------------------------------------------------------------------------

Clock          Waveform(ns)       Period(ns)      Frequency(MHz)
-----          ------------       ----------      --------------
cam_pclk       {0.000 21.758}     43.515          22.981          
sys_clk_pin    {0.000 5.000}      10.000          100.000         
  xclk_fb_raw  {0.000 20.000}     40.000          25.000          
  xclk_raw     {0.000 21.757}     43.515          22.981          


------------------------------------------------------------------------------------------------
| Intra Clock Table
| -----------------
------------------------------------------------------------------------------------------------

Clock              WNS(ns)      TNS(ns)  TNS Failing Endpoints  TNS Total Endpoints      WHS(ns)      THS(ns)  THS Failing Endpoints  THS Total Endpoints     WPWS(ns)     TPWS(ns)  TPWS Failing Endpoints  TPWS Total Endpoints  
-----              -------      -------  ---------------------  -------------------      -------      -------  ---------------------  -------------------     --------     --------  ----------------------  --------------------  
cam_pclk            11.876        0.000                      0                 2605        0.023        0.000                      0                 2605       20.507        0.000                       0                   826  
sys_clk_pin          1.519        0.000                      0                 1496        0.078        0.000                      0                 1496        3.000        0.000                       0                   578  
  xclk_fb_raw                                                                                                                                                   37.845        0.000                       0                     3  
  xclk_raw                                                                                                                                                      41.359        0.000                       0                     2  


------------------------------------------------------------------------------------------------
| Inter Clock Table
| -----------------
------------------------------------------------------------------------------------------------

From Clock    To Clock          WNS(ns)      TNS(ns)  TNS Failing Endpoints  TNS Total Endpoints      WHS(ns)      THS(ns)  THS Failing Endpoints  THS Total Endpoints  
----------    --------          -------      -------  ---------------------  -------------------      -------      -------  ---------------------  -------------------  


------------------------------------------------------------------------------------------------
| Other Path Groups Table
| -----------------------
------------------------------------------------------------------------------------------------

Path Group         From Clock         To Clock               WNS(ns)      TNS(ns)  TNS Failing Endpoints  TNS Total Endpoints      WHS(ns)      THS(ns)  THS Failing Endpoints  THS Total Endpoints  
----------         ----------         --------               -------      -------  ---------------------  -------------------      -------      -------  ---------------------  -------------------  
**async_default**  cam_pclk           cam_pclk                37.455        0.000                      0                  226        0.248        0.000                      0                  226  
**async_default**  sys_clk_pin        sys_clk_pin              4.516        0.000                      0                  459        0.372        0.000                      0                  459  


------------------------------------------------------------------------------------------------
| Timing Details
| --------------
------------------------------------------------------------------------------------------------


---------------------------------------------------------------------------------------------------
From Clock:  cam_pclk
  To Clock:  cam_pclk

Setup :            0  Failing Endpoints,  Worst Slack       11.876ns,  Total Violation        0.000ns
Hold  :            0  Failing Endpoints,  Worst Slack        0.023ns,  Total Violation        0.000ns
PW    :            0  Failing Endpoints,  Worst Slack       20.507ns,  Total Violation        0.000ns
---------------------------------------------------------------------------------------------------


Max Delay Paths
--------------------------------------------------------------------------------------
Slack (MET) :             11.876ns  (required time - arrival time)
  Source:                 pdata[7]
                            (input port clocked by cam_pclk  {rise@0.000ns fall@21.758ns period=43.515ns})
  Destination:            U_TOP_OV7670/camera_data_q_reg[7]/D
                            (rising edge-triggered cell FDRE clocked by cam_pclk  {rise@0.000ns fall@21.758ns period=43.515ns})
  Path Group:             cam_pclk
  Path Type:              Setup (Max at Slow Process Corner)
  Requirement:            21.757ns  (cam_pclk rise@43.515ns - cam_pclk fall@21.758ns)
  Data Path Delay:        8.173ns  (logic 8.173ns (100.000%)  route 0.000ns (0.000%))
  Logic Levels:           2  (IBUF=1 ZHOLD_DELAY=1)
  Input Delay:            7.000ns
  Clock Path Skew:        5.136ns (DCD - SCD + CPR)
    Destination Clock Delay (DCD):    5.136ns = ( 48.651 - 43.515 ) 
    Source Clock Delay      (SCD):    0.000ns = ( 21.758 - 21.758 ) 
    Clock Pessimism Removal (CPR):    0.000ns
  Clock Uncertainty:      0.035ns  ((TSJ^2 + TIJ^2)^1/2 + DJ) / 2 + PE
    Total System Jitter     (TSJ):    0.071ns
    Total Input Jitter      (TIJ):    0.000ns
    Discrete Jitter          (DJ):    0.000ns
    Phase Error              (PE):    0.000ns

    Location             Delay type                Incr(ns)  Path(ns)    Netlist Resource(s)
  -------------------------------------------------------------------    -------------------
                         (clock cam_pclk fall edge)
                                                     21.758    21.758 f  
                         input delay                  7.000    28.758    
    K17                                               0.000    28.758 r  pdata[7] (IN)
                         net (fo=0)                   0.000    28.758    pdata[7]
    K17                  IBUF (Prop_ibuf_I_O)         1.482    30.240 r  pdata_IBUF[7]_inst/O
                         net (fo=1, routed)           0.000    30.240    U_TOP_OV7670/D[7]
    ILOGIC_X0Y25         ZHOLD_DELAY (Prop_zhold_delay_DLYIN_DLYIFF)
                                                      6.691    36.931 r  U_TOP_OV7670/camera_data_q_reg[7]_OPT_INSERTED/DLYIFF
                         net (fo=1, routed)           0.000    36.931    U_TOP_OV7670/OPT_ZHD_N_camera_data_q_reg[7]
    ILOGIC_X0Y25         FDRE                                         r  U_TOP_OV7670/camera_data_q_reg[7]/D
  -------------------------------------------------------------------    -------------------

                         (clock cam_pclk rise edge)
                                                     43.515    43.515 r  
    C16                                               0.000    43.515 r  pclk (IN)
                         net (fo=0)                   0.000    43.515    pclk
    C16                  IBUF (Prop_ibuf_I_O)         1.367    44.882 r  pclk_IBUF_inst/O
                         net (fo=1, routed)           2.155    47.037    pclk_IBUF
    BUFGCTRL_X0Y16       BUFG (Prop_bufg_I_O)         0.091    47.128 r  pclk_IBUF_BUFG_inst/O
                         net (fo=825, routed)         1.523    48.651    U_TOP_OV7670/pclk_IBUF_BUFG
    ILOGIC_X0Y25         FDRE                                         r  U_TOP_OV7670/camera_data_q_reg[7]/C
                         clock pessimism              0.000    48.651    
                         clock uncertainty           -0.035    48.616    
    ILOGIC_X0Y25         FDRE (Setup_fdre_C_D)        0.191    48.807    U_TOP_OV7670/camera_data_q_reg[7]
  -------------------------------------------------------------------
                         required time                         48.807    
                         arrival time                         -36.931    
  -------------------------------------------------------------------
                         slack                                 11.876    





Min Delay Paths
--------------------------------------------------------------------------------------
Slack (MET) :             0.023ns  (arrival time - required time)
  Source:                 U_TOP_BUFFER/U_CANVAS/U_CANVAS_BUFFER/U_brush_draw_engine/U_STROKE_CONTROLLER/line_threshold_reg[5]/C
                            (rising edge-triggered cell FDCE clocked by cam_pclk  {rise@0.000ns fall@21.758ns period=43.515ns})
  Destination:            U_TOP_BUFFER/U_CANVAS/U_CANVAS_BUFFER/U_brush_draw_engine/U_CIRCULAR_BRUSH_RENDERER/threshold_reg_reg[5]/D
                            (rising edge-triggered cell FDCE clocked by cam_pclk  {rise@0.000ns fall@21.758ns period=43.515ns})
  Path Group:             cam_pclk
  Path Type:              Hold (Min at Fast Process Corner)
  Requirement:            0.000ns  (cam_pclk rise@0.000ns - cam_pclk rise@0.000ns)
  Data Path Delay:        0.358ns  (logic 0.141ns (39.382%)  route 0.217ns (60.618%))
  Logic Levels:           0  
  Clock Path Skew:        0.265ns (DCD - SCD - CPR)
    Destination Clock Delay (DCD):    2.118ns
    Source Clock Delay      (SCD):    1.595ns
    Clock Pessimism Removal (CPR):    0.259ns

    Location             Delay type                Incr(ns)  Path(ns)    Netlist Resource(s)
  -------------------------------------------------------------------    -------------------
                         (clock cam_pclk rise edge)
                                                      0.000     0.000 r  
    C16                                               0.000     0.000 r  pclk (IN)
                         net (fo=0)                   0.000     0.000    pclk
    C16                  IBUF (Prop_ibuf_I_O)         0.206     0.206 r  pclk_IBUF_inst/O
                         net (fo=1, routed)           0.802     1.007    pclk_IBUF
    BUFGCTRL_X0Y16       BUFG (Prop_bufg_I_O)         0.026     1.033 r  pclk_IBUF_BUFG_inst/O
                         net (fo=825, routed)         0.562     1.595    U_TOP_BUFFER/U_CANVAS/U_CANVAS_BUFFER/U_brush_draw_engine/U_STROKE_CONTROLLER/pclk_IBUF_BUFG
    SLICE_X35Y11         FDCE                                         r  U_TOP_BUFFER/U_CANVAS/U_CANVAS_BUFFER/U_brush_draw_engine/U_STROKE_CONTROLLER/line_threshold_reg[5]/C
  -------------------------------------------------------------------    -------------------
    SLICE_X35Y11         FDCE (Prop_fdce_C_Q)         0.141     1.736 r  U_TOP_BUFFER/U_CANVAS/U_CANVAS_BUFFER/U_brush_draw_engine/U_STROKE_CONTROLLER/line_threshold_reg[5]/Q
                         net (fo=1, routed)           0.217     1.953    U_TOP_BUFFER/U_CANVAS/U_CANVAS_BUFFER/U_brush_draw_engine/U_CIRCULAR_BRUSH_RENDERER/Q[3]
    SLICE_X39Y10         FDCE                                         r  U_TOP_BUFFER/U_CANVAS/U_CANVAS_BUFFER/U_brush_draw_engine/U_CIRCULAR_BRUSH_RENDERER/threshold_reg_reg[5]/D
  -------------------------------------------------------------------    -------------------

                         (clock cam_pclk rise edge)
                                                      0.000     0.000 r  
    C16                                               0.000     0.000 r  pclk (IN)
                         net (fo=0)                   0.000     0.000    pclk
    C16                  IBUF (Prop_ibuf_I_O)         0.393     0.393 r  pclk_IBUF_inst/O
                         net (fo=1, routed)           0.865     1.258    pclk_IBUF
    BUFGCTRL_X0Y16       BUFG (Prop_bufg_I_O)         0.029     1.287 r  pclk_IBUF_BUFG_inst/O
                         net (fo=825, routed)         0.832     2.118    U_TOP_BUFFER/U_CANVAS/U_CANVAS_BUFFER/U_brush_draw_engine/U_CIRCULAR_BRUSH_RENDERER/pclk_IBUF_BUFG
    SLICE_X39Y10         FDCE                                         r  U_TOP_BUFFER/U_CANVAS/U_CANVAS_BUFFER/U_brush_draw_engine/U_CIRCULAR_BRUSH_RENDERER/threshold_reg_reg[5]/C
                         clock pessimism             -0.259     1.860    
    SLICE_X39Y10         FDCE (Hold_fdce_C_D)         0.070     1.930    U_TOP_BUFFER/U_CANVAS/U_CANVAS_BUFFER/U_brush_draw_engine/U_CIRCULAR_BRUSH_RENDERER/threshold_reg_reg[5]
  -------------------------------------------------------------------
                         required time                         -1.930    
                         arrival time                           1.953    
  -------------------------------------------------------------------
                         slack                                  0.023    





Pulse Width Checks
--------------------------------------------------------------------------------------
Clock Name:         cam_pclk
Waveform(ns):       { 0.000 21.758 }
Period(ns):         43.515
Sources:            { pclk }

Check Type        Corner  Lib Pin             Reference Pin  Required(ns)  Actual(ns)  Slack(ns)  Location      Pin
Min Period        n/a     RAMB36E1/CLKARDCLK  n/a            2.892         43.515      40.623     RAMB36_X0Y7   U_TOP_BUFFER/U_RING/U_LINE_RAM/xpm_memory_base_inst/gen_wr_b.gen_word_narrow.mem_reg_1_0/CLKARDCLK
Low Pulse Width   Fast    RAMD64E/CLK         n/a            1.250         21.757      20.507     SLICE_X50Y17  U_TOP_BUFFER/U_RING/U_DESC_FIFO/mem_reg_0_63_12_14/RAMA/CLK
High Pulse Width  Slow    RAMD64E/CLK         n/a            1.250         21.758      20.508     SLICE_X46Y17  U_TOP_BUFFER/U_RING/U_DESC_FIFO/mem_reg_0_63_15_17/RAMA/CLK



---------------------------------------------------------------------------------------------------
From Clock:  sys_clk_pin
  To Clock:  sys_clk_pin

Setup :            0  Failing Endpoints,  Worst Slack        1.519ns,  Total Violation        0.000ns
Hold  :            0  Failing Endpoints,  Worst Slack        0.078ns,  Total Violation        0.000ns
PW    :            0  Failing Endpoints,  Worst Slack        3.000ns,  Total Violation        0.000ns
---------------------------------------------------------------------------------------------------


Max Delay Paths
--------------------------------------------------------------------------------------
Slack (MET) :             1.519ns  (required time - arrival time)
  Source:                 U_VGA_DECODER/U_HV_COUNTER/o_hcount_reg[4]/C
                            (rising edge-triggered cell FDCE clocked by sys_clk_pin  {rise@0.000ns fall@5.000ns period=10.000ns})
  Destination:            U_TOP_BUFFER/U_RING/U_LINE_RAM/xpm_memory_base_inst/gen_wr_b.gen_word_narrow.mem_reg_1_8/ADDRBWRADDR[10]
                            (rising edge-triggered cell RAMB36E1 clocked by sys_clk_pin  {rise@0.000ns fall@5.000ns period=10.000ns})
  Path Group:             sys_clk_pin
  Path Type:              Setup (Max at Slow Process Corner)
  Requirement:            10.000ns  (sys_clk_pin rise@10.000ns - sys_clk_pin rise@0.000ns)
  Data Path Delay:        7.807ns  (logic 2.695ns (34.521%)  route 5.112ns (65.479%))
  Logic Levels:           2  (DSP48E1=1 LUT4=1)
  Clock Path Skew:        -0.073ns (DCD - SCD + CPR)
    Destination Clock Delay (DCD):    4.823ns = ( 14.823 - 10.000 ) 
    Source Clock Delay      (SCD):    5.076ns
    Clock Pessimism Removal (CPR):    0.180ns
  Clock Uncertainty:      0.035ns  ((TSJ^2 + TIJ^2)^1/2 + DJ) / 2 + PE
    Total System Jitter     (TSJ):    0.071ns
    Total Input Jitter      (TIJ):    0.000ns
    Discrete Jitter          (DJ):    0.000ns
    Phase Error              (PE):    0.000ns

    Location             Delay type                Incr(ns)  Path(ns)    Netlist Resource(s)
  -------------------------------------------------------------------    -------------------
                         (clock sys_clk_pin rise edge)
                                                      0.000     0.000 r  
    W5                                                0.000     0.000 r  clk (IN)
                         net (fo=0)                   0.000     0.000    clk
    W5                   IBUF (Prop_ibuf_I_O)         1.458     1.458 r  clk_IBUF_inst/O
                         net (fo=1, routed)           1.967     3.425    clk_IBUF
    BUFGCTRL_X0Y1        BUFG (Prop_bufg_I_O)         0.096     3.521 r  clk_IBUF_BUFG_inst/O
                         net (fo=578, routed)         1.555     5.076    U_VGA_DECODER/U_HV_COUNTER/clk_IBUF_BUFG
    SLICE_X42Y18         FDCE                                         r  U_VGA_DECODER/U_HV_COUNTER/o_hcount_reg[4]/C
  -------------------------------------------------------------------    -------------------
    SLICE_X42Y18         FDCE (Prop_fdce_C_Q)         0.518     5.594 r  U_VGA_DECODER/U_HV_COUNTER/o_hcount_reg[4]/Q
                         net (fo=9, routed)           1.001     6.595    U_VGA_DECODER/U_HV_COUNTER/x_pixel[4]
    SLICE_X44Y19         LUT4 (Prop_lut4_I3_O)        0.154     6.749 r  U_VGA_DECODER/U_HV_COUNTER/mem_reg_0_0_i_20/O
                         net (fo=13, routed)          0.978     7.727    U_TOP_BUFFER/U_RING/read_addr_0[4]
    DSP48_X1Y6           DSP48E1 (Prop_dsp48e1_C[4]_P[10])
                                                      2.023     9.750 r  U_TOP_BUFFER/U_RING/read_addr/P[10]
                         net (fo=24, routed)          3.133    12.883    U_TOP_BUFFER/U_RING/U_LINE_RAM/xpm_memory_base_inst/addrb[10]
    RAMB36_X0Y11         RAMB36E1                                     r  U_TOP_BUFFER/U_RING/U_LINE_RAM/xpm_memory_base_inst/gen_wr_b.gen_word_narrow.mem_reg_1_8/ADDRBWRADDR[10]
  -------------------------------------------------------------------    -------------------

                         (clock sys_clk_pin rise edge)
                                                     10.000    10.000 r  
    W5                                                0.000    10.000 r  clk (IN)
                         net (fo=0)                   0.000    10.000    clk
    W5                   IBUF (Prop_ibuf_I_O)         1.388    11.388 r  clk_IBUF_inst/O
                         net (fo=1, routed)           1.862    13.250    clk_IBUF
    BUFGCTRL_X0Y1        BUFG (Prop_bufg_I_O)         0.091    13.341 r  clk_IBUF_BUFG_inst/O
                         net (fo=578, routed)         1.482    14.823    U_TOP_BUFFER/U_RING/U_LINE_RAM/xpm_memory_base_inst/clkb
    RAMB36_X0Y11         RAMB36E1                                     r  U_TOP_BUFFER/U_RING/U_LINE_RAM/xpm_memory_base_inst/gen_wr_b.gen_word_narrow.mem_reg_1_8/CLKBWRCLK
                         clock pessimism              0.180    15.003    
                         clock uncertainty           -0.035    14.968    
    RAMB36_X0Y11         RAMB36E1 (Setup_ramb36e1_CLKBWRCLK_ADDRBWRADDR[10])
                                                     -0.566    14.402    U_TOP_BUFFER/U_RING/U_LINE_RAM/xpm_memory_base_inst/gen_wr_b.gen_word_narrow.mem_reg_1_8
  -------------------------------------------------------------------
                         required time                         14.402    
                         arrival time                         -12.883    
  -------------------------------------------------------------------
                         slack                                  1.519    





Min Delay Paths
--------------------------------------------------------------------------------------
Slack (MET) :             0.078ns  (arrival time - required time)
  Source:                 U_TOP_UART/U_UART_PACKET_DECODER/o_clear_pulse_reg/C
                            (rising edge-triggered cell FDCE clocked by sys_clk_pin  {rise@0.000ns fall@5.000ns period=10.000ns})
  Destination:            U_PEN_CONFIG_CONTROLLER/clear_active_reg/D
                            (rising edge-triggered cell FDCE clocked by sys_clk_pin  {rise@0.000ns fall@5.000ns period=10.000ns})
  Path Group:             sys_clk_pin
  Path Type:              Hold (Min at Fast Process Corner)
  Requirement:            0.000ns  (sys_clk_pin rise@0.000ns - sys_clk_pin rise@0.000ns)
  Data Path Delay:        0.433ns  (logic 0.186ns (42.975%)  route 0.247ns (57.025%))
  Logic Levels:           1  (LUT4=1)
  Clock Path Skew:        0.264ns (DCD - SCD - CPR)
    Destination Clock Delay (DCD):    1.954ns
    Source Clock Delay      (SCD):    1.441ns
    Clock Pessimism Removal (CPR):    0.249ns

    Location             Delay type                Incr(ns)  Path(ns)    Netlist Resource(s)
  -------------------------------------------------------------------    -------------------
                         (clock sys_clk_pin rise edge)
                                                      0.000     0.000 r  
    W5                                                0.000     0.000 r  clk (IN)
                         net (fo=0)                   0.000     0.000    clk
    W5                   IBUF (Prop_ibuf_I_O)         0.226     0.226 r  clk_IBUF_inst/O
                         net (fo=1, routed)           0.631     0.858    clk_IBUF
    BUFGCTRL_X0Y1        BUFG (Prop_bufg_I_O)         0.026     0.884 r  clk_IBUF_BUFG_inst/O
                         net (fo=578, routed)         0.558     1.441    U_TOP_UART/U_UART_PACKET_DECODER/clk_IBUF_BUFG
    SLICE_X32Y16         FDCE                                         r  U_TOP_UART/U_UART_PACKET_DECODER/o_clear_pulse_reg/C
  -------------------------------------------------------------------    -------------------
    SLICE_X32Y16         FDCE (Prop_fdce_C_Q)         0.141     1.582 r  U_TOP_UART/U_UART_PACKET_DECODER/o_clear_pulse_reg/Q
                         net (fo=10, routed)          0.247     1.829    U_PEN_CONFIG_CONTROLLER/rx_clear_pulse
    SLICE_X36Y14         LUT4 (Prop_lut4_I0_O)        0.045     1.874 r  U_PEN_CONFIG_CONTROLLER/clear_active_i_1/O
                         net (fo=1, routed)           0.000     1.874    U_PEN_CONFIG_CONTROLLER/clear_active_i_1_n_0
    SLICE_X36Y14         FDCE                                         r  U_PEN_CONFIG_CONTROLLER/clear_active_reg/D
  -------------------------------------------------------------------    -------------------

                         (clock sys_clk_pin rise edge)
                                                      0.000     0.000 r  
    W5                                                0.000     0.000 r  clk (IN)
                         net (fo=0)                   0.000     0.000    clk
    W5                   IBUF (Prop_ibuf_I_O)         0.414     0.414 r  clk_IBUF_inst/O
                         net (fo=1, routed)           0.685     1.099    clk_IBUF
    BUFGCTRL_X0Y1        BUFG (Prop_bufg_I_O)         0.029     1.128 r  clk_IBUF_BUFG_inst/O
                         net (fo=578, routed)         0.827     1.954    U_PEN_CONFIG_CONTROLLER/clk_IBUF_BUFG
    SLICE_X36Y14         FDCE                                         r  U_PEN_CONFIG_CONTROLLER/clear_active_reg/C
                         clock pessimism             -0.249     1.705    
    SLICE_X36Y14         FDCE (Hold_fdce_C_D)         0.091     1.796    U_PEN_CONFIG_CONTROLLER/clear_active_reg
  -------------------------------------------------------------------
                         required time                         -1.796    
                         arrival time                           1.874    
  -------------------------------------------------------------------
                         slack                                  0.078    





Pulse Width Checks
--------------------------------------------------------------------------------------
Clock Name:         sys_clk_pin
Waveform(ns):       { 0.000 5.000 }
Period(ns):         10.000
Sources:            { clk }

Check Type        Corner  Lib Pin             Reference Pin  Required(ns)  Actual(ns)  Slack(ns)  Location         Pin
Min Period        n/a     RAMB36E1/CLKBWRCLK  n/a            3.363         10.000      6.637      RAMB36_X0Y7      U_TOP_BUFFER/U_RING/U_LINE_RAM/xpm_memory_base_inst/gen_wr_b.gen_word_narrow.mem_reg_1_0/CLKBWRCLK
Max Period        n/a     MMCME2_ADV/CLKIN1   n/a            100.000       10.000      90.000     MMCME2_ADV_X1Y0  U_CLOCK_GEN/U_CAMERA_PLL/CLKIN1
Low Pulse Width   Slow    MMCME2_ADV/CLKIN1   n/a            2.000         5.000       3.000      MMCME2_ADV_X1Y0  U_CLOCK_GEN/U_CAMERA_PLL/CLKIN1
High Pulse Width  Fast    MMCME2_ADV/CLKIN1   n/a            2.000         5.000       3.000      MMCME2_ADV_X1Y0  U_CLOCK_GEN/U_CAMERA_PLL/CLKIN1



---------------------------------------------------------------------------------------------------
From Clock:  xclk_fb_raw
  To Clock:  xclk_fb_raw

Setup :           NA  Failing Endpoints,  Worst Slack           NA  ,  Total Violation           NA
Hold  :           NA  Failing Endpoints,  Worst Slack           NA  ,  Total Violation           NA
PW    :            0  Failing Endpoints,  Worst Slack       37.845ns,  Total Violation        0.000ns
---------------------------------------------------------------------------------------------------


Pulse Width Checks
--------------------------------------------------------------------------------------
Clock Name:         xclk_fb_raw
Waveform(ns):       { 0.000 20.000 }
Period(ns):         40.000
Sources:            { U_CLOCK_GEN/U_CAMERA_PLL/CLKFBOUT }

Check Type  Corner  Lib Pin             Reference Pin  Required(ns)  Actual(ns)  Slack(ns)  Location         Pin
Min Period  n/a     BUFG/I              n/a            2.155         40.000      37.845     BUFGCTRL_X0Y2    U_CLOCK_GEN/U_CAMERA_PLL_FB/I
Max Period  n/a     MMCME2_ADV/CLKFBIN  n/a            100.000       40.000      60.000     MMCME2_ADV_X1Y0  U_CLOCK_GEN/U_CAMERA_PLL/CLKFBIN



---------------------------------------------------------------------------------------------------
From Clock:  xclk_raw
  To Clock:  xclk_raw

Setup :           NA  Failing Endpoints,  Worst Slack           NA  ,  Total Violation           NA
Hold  :           NA  Failing Endpoints,  Worst Slack           NA  ,  Total Violation           NA
PW    :            0  Failing Endpoints,  Worst Slack       41.359ns,  Total Violation        0.000ns
---------------------------------------------------------------------------------------------------


Pulse Width Checks
--------------------------------------------------------------------------------------
Clock Name:         xclk_raw
Waveform(ns):       { 0.000 21.757 }
Period(ns):         43.515
Sources:            { U_CLOCK_GEN/U_CAMERA_PLL/CLKOUT0 }

Check Type  Corner  Lib Pin             Reference Pin  Required(ns)  Actual(ns)  Slack(ns)  Location         Pin
Min Period  n/a     BUFG/I              n/a            2.155         43.515      41.359     BUFGCTRL_X0Y0    U_CLOCK_GEN/U_CAMERA_XCLK_BUF/I
Max Period  n/a     MMCME2_ADV/CLKOUT0  n/a            213.360       43.515      169.845    MMCME2_ADV_X1Y0  U_CLOCK_GEN/U_CAMERA_PLL/CLKOUT0



---------------------------------------------------------------------------------------------------
Path Group:  **async_default**
From Clock:  cam_pclk
  To Clock:  cam_pclk

Setup :            0  Failing Endpoints,  Worst Slack       37.455ns,  Total Violation        0.000ns
Hold  :            0  Failing Endpoints,  Worst Slack        0.248ns,  Total Violation        0.000ns
---------------------------------------------------------------------------------------------------


Max Delay Paths
--------------------------------------------------------------------------------------
Slack (MET) :             37.455ns  (required time - arrival time)
  Source:                 system_reset_pclk_sync_reg[1]/C
                            (rising edge-triggered cell FDPE clocked by cam_pclk  {rise@0.000ns fall@21.758ns period=43.515ns})
  Destination:            mem_reg_0_0_i_27/CLR
                            (recovery check against rising-edge clock cam_pclk  {rise@0.000ns fall@21.758ns period=43.515ns})
  Path Group:             **async_default**
  Path Type:              Recovery (Max at Slow Process Corner)
  Requirement:            43.515ns  (cam_pclk rise@43.515ns - cam_pclk rise@0.000ns)
  Data Path Delay:        5.492ns  (logic 0.419ns (7.629%)  route 5.073ns (92.371%))
  Logic Levels:           0  
  Clock Path Skew:        -0.038ns (DCD - SCD + CPR)
    Destination Clock Delay (DCD):    5.066ns = ( 48.581 - 43.515 ) 
    Source Clock Delay      (SCD):    5.376ns
    Clock Pessimism Removal (CPR):    0.272ns
  Clock Uncertainty:      0.035ns  ((TSJ^2 + TIJ^2)^1/2 + DJ) / 2 + PE
    Total System Jitter     (TSJ):    0.071ns
    Total Input Jitter      (TIJ):    0.000ns
    Discrete Jitter          (DJ):    0.000ns
    Phase Error              (PE):    0.000ns

    Location             Delay type                Incr(ns)  Path(ns)    Netlist Resource(s)
  -------------------------------------------------------------------    -------------------
                         (clock cam_pclk rise edge)
                                                      0.000     0.000 r  
    C16                                               0.000     0.000 r  pclk (IN)
                         net (fo=0)                   0.000     0.000    pclk
    C16                  IBUF (Prop_ibuf_I_O)         1.437     1.437 r  pclk_IBUF_inst/O
                         net (fo=1, routed)           2.273     3.711    pclk_IBUF
    BUFGCTRL_X0Y16       BUFG (Prop_bufg_I_O)         0.096     3.807 r  pclk_IBUF_BUFG_inst/O
                         net (fo=825, routed)         1.569     5.376    pclk_IBUF_BUFG
    SLICE_X44Y5          FDPE                                         r  system_reset_pclk_sync_reg[1]/C
  -------------------------------------------------------------------    -------------------
    SLICE_X44Y5          FDPE (Prop_fdpe_C_Q)         0.419     5.795 f  system_reset_pclk_sync_reg[1]/Q
                         net (fo=298, routed)         5.073    10.868    system_reset_pclk_sync[1]
    SLICE_X54Y11         FDCE                                         f  mem_reg_0_0_i_27/CLR
  -------------------------------------------------------------------    -------------------

                         (clock cam_pclk rise edge)
                                                     43.515    43.515 r  
    C16                                               0.000    43.515 r  pclk (IN)
                         net (fo=0)                   0.000    43.515    pclk
    C16                  IBUF (Prop_ibuf_I_O)         1.367    44.882 r  pclk_IBUF_inst/O
                         net (fo=1, routed)           2.155    47.037    pclk_IBUF
    BUFGCTRL_X0Y16       BUFG (Prop_bufg_I_O)         0.091    47.128 r  pclk_IBUF_BUFG_inst/O
                         net (fo=825, routed)         1.452    48.581    pclk_IBUF_BUFG
    SLICE_X54Y11         FDCE                                         r  mem_reg_0_0_i_27/C
                         clock pessimism              0.272    48.853    
                         clock uncertainty           -0.035    48.818    
    SLICE_X54Y11         FDCE (Recov_fdce_C_CLR)     -0.494    48.324    mem_reg_0_0_i_27
  -------------------------------------------------------------------
                         required time                         48.324    
                         arrival time                         -10.868    
  -------------------------------------------------------------------
                         slack                                 37.455    





Min Delay Paths
--------------------------------------------------------------------------------------
Slack (MET) :             0.248ns  (arrival time - required time)
  Source:                 system_reset_pclk_sync_reg[1]/C
                            (rising edge-triggered cell FDPE clocked by cam_pclk  {rise@0.000ns fall@21.758ns period=43.515ns})
  Destination:            U_TOP_BUFFER/U_CANVAS/U_CANVAS_BUFFER/U_brush_draw_engine/U_BRESENHAM_INTERPOLATOR/x_cur_reg[1]/CLR
                            (removal check against rising-edge clock cam_pclk  {rise@0.000ns fall@21.758ns period=43.515ns})
  Path Group:             **async_default**
  Path Type:              Removal (Min at Fast Process Corner)
  Requirement:            0.000ns  (cam_pclk rise@0.000ns - cam_pclk rise@0.000ns)
  Data Path Delay:        0.389ns  (logic 0.128ns (32.901%)  route 0.261ns (67.099%))
  Logic Levels:           0  
  Clock Path Skew:        0.262ns (DCD - SCD - CPR)
    Destination Clock Delay (DCD):    2.120ns
    Source Clock Delay      (SCD):    1.599ns
    Clock Pessimism Removal (CPR):    0.259ns

    Location             Delay type                Incr(ns)  Path(ns)    Netlist Resource(s)
  -------------------------------------------------------------------    -------------------
                         (clock cam_pclk rise edge)
                                                      0.000     0.000 r  
    C16                                               0.000     0.000 r  pclk (IN)
                         net (fo=0)                   0.000     0.000    pclk
    C16                  IBUF (Prop_ibuf_I_O)         0.206     0.206 r  pclk_IBUF_inst/O
                         net (fo=1, routed)           0.802     1.007    pclk_IBUF
    BUFGCTRL_X0Y16       BUFG (Prop_bufg_I_O)         0.026     1.033 r  pclk_IBUF_BUFG_inst/O
                         net (fo=825, routed)         0.566     1.599    pclk_IBUF_BUFG
    SLICE_X44Y5          FDPE                                         r  system_reset_pclk_sync_reg[1]/C
  -------------------------------------------------------------------    -------------------
    SLICE_X44Y5          FDPE (Prop_fdpe_C_Q)         0.128     1.727 f  system_reset_pclk_sync_reg[1]/Q
                         net (fo=298, routed)         0.261     1.988    U_TOP_BUFFER/U_CANVAS/U_CANVAS_BUFFER/U_brush_draw_engine/U_BRESENHAM_INTERPOLATOR/out[0]
    SLICE_X34Y5          FDCE                                         f  U_TOP_BUFFER/U_CANVAS/U_CANVAS_BUFFER/U_brush_draw_engine/U_BRESENHAM_INTERPOLATOR/x_cur_reg[1]/CLR
  -------------------------------------------------------------------    -------------------

                         (clock cam_pclk rise edge)
                                                      0.000     0.000 r  
    C16                                               0.000     0.000 r  pclk (IN)
                         net (fo=0)                   0.000     0.000    pclk
    C16                  IBUF (Prop_ibuf_I_O)         0.393     0.393 r  pclk_IBUF_inst/O
                         net (fo=1, routed)           0.865     1.258    pclk_IBUF
    BUFGCTRL_X0Y16       BUFG (Prop_bufg_I_O)         0.029     1.287 r  pclk_IBUF_BUFG_inst/O
                         net (fo=825, routed)         0.833     2.120    U_TOP_BUFFER/U_CANVAS/U_CANVAS_BUFFER/U_brush_draw_engine/U_BRESENHAM_INTERPOLATOR/pclk_IBUF_BUFG
    SLICE_X34Y5          FDCE                                         r  U_TOP_BUFFER/U_CANVAS/U_CANVAS_BUFFER/U_brush_draw_engine/U_BRESENHAM_INTERPOLATOR/x_cur_reg[1]/C
                         clock pessimism             -0.259     1.861    
    SLICE_X34Y5          FDCE (Remov_fdce_C_CLR)     -0.121     1.740    U_TOP_BUFFER/U_CANVAS/U_CANVAS_BUFFER/U_brush_draw_engine/U_BRESENHAM_INTERPOLATOR/x_cur_reg[1]
  -------------------------------------------------------------------
                         required time                         -1.740    
                         arrival time                           1.988    
  -------------------------------------------------------------------
                         slack                                  0.248    





---------------------------------------------------------------------------------------------------
Path Group:  **async_default**
From Clock:  sys_clk_pin
  To Clock:  sys_clk_pin

Setup :            0  Failing Endpoints,  Worst Slack        4.516ns,  Total Violation        0.000ns
Hold  :            0  Failing Endpoints,  Worst Slack        0.372ns,  Total Violation        0.000ns
---------------------------------------------------------------------------------------------------


Max Delay Paths
--------------------------------------------------------------------------------------
Slack (MET) :             4.516ns  (required time - arrival time)
  Source:                 system_reset_pipe_reg[1]/C
                            (rising edge-triggered cell FDPE clocked by sys_clk_pin  {rise@0.000ns fall@5.000ns period=10.000ns})
  Destination:            U_VGA_DECODER/U_HV_COUNTER/o_vcount_reg[6]/CLR
                            (recovery check against rising-edge clock sys_clk_pin  {rise@0.000ns fall@5.000ns period=10.000ns})
  Path Group:             **async_default**
  Path Type:              Recovery (Max at Slow Process Corner)
  Requirement:            10.000ns  (sys_clk_pin rise@10.000ns - sys_clk_pin rise@0.000ns)
  Data Path Delay:        4.920ns  (logic 0.456ns (9.268%)  route 4.464ns (90.732%))
  Logic Levels:           0  
  Clock Path Skew:        -0.123ns (DCD - SCD + CPR)
    Destination Clock Delay (DCD):    4.774ns = ( 14.774 - 10.000 ) 
    Source Clock Delay      (SCD):    5.085ns
    Clock Pessimism Removal (CPR):    0.188ns
  Clock Uncertainty:      0.035ns  ((TSJ^2 + TIJ^2)^1/2 + DJ) / 2 + PE
    Total System Jitter     (TSJ):    0.071ns
    Total Input Jitter      (TIJ):    0.000ns
    Discrete Jitter          (DJ):    0.000ns
    Phase Error              (PE):    0.000ns

    Location             Delay type                Incr(ns)  Path(ns)    Netlist Resource(s)
  -------------------------------------------------------------------    -------------------
                         (clock sys_clk_pin rise edge)
                                                      0.000     0.000 r  
    W5                                                0.000     0.000 r  clk (IN)
                         net (fo=0)                   0.000     0.000    clk
    W5                   IBUF (Prop_ibuf_I_O)         1.458     1.458 r  clk_IBUF_inst/O
                         net (fo=1, routed)           1.967     3.425    clk_IBUF
    BUFGCTRL_X0Y1        BUFG (Prop_bufg_I_O)         0.096     3.521 r  clk_IBUF_BUFG_inst/O
                         net (fo=578, routed)         1.564     5.085    clk_IBUF_BUFG
    SLICE_X15Y14         FDPE                                         r  system_reset_pipe_reg[1]/C
  -------------------------------------------------------------------    -------------------
    SLICE_X15Y14         FDPE (Prop_fdpe_C_Q)         0.456     5.541 f  system_reset_pipe_reg[1]/Q
                         net (fo=504, routed)         4.464    10.005    U_VGA_DECODER/U_HV_COUNTER/out[0]
    SLICE_X39Y21         FDCE                                         f  U_VGA_DECODER/U_HV_COUNTER/o_vcount_reg[6]/CLR
  -------------------------------------------------------------------    -------------------

                         (clock sys_clk_pin rise edge)
                                                     10.000    10.000 r  
    W5                                                0.000    10.000 r  clk (IN)
                         net (fo=0)                   0.000    10.000    clk
    W5                   IBUF (Prop_ibuf_I_O)         1.388    11.388 r  clk_IBUF_inst/O
                         net (fo=1, routed)           1.862    13.250    clk_IBUF
    BUFGCTRL_X0Y1        BUFG (Prop_bufg_I_O)         0.091    13.341 r  clk_IBUF_BUFG_inst/O
                         net (fo=578, routed)         1.433    14.774    U_VGA_DECODER/U_HV_COUNTER/clk_IBUF_BUFG
    SLICE_X39Y21         FDCE                                         r  U_VGA_DECODER/U_HV_COUNTER/o_vcount_reg[6]/C
                         clock pessimism              0.188    14.962    
                         clock uncertainty           -0.035    14.927    
    SLICE_X39Y21         FDCE (Recov_fdce_C_CLR)     -0.405    14.522    U_VGA_DECODER/U_HV_COUNTER/o_vcount_reg[6]
  -------------------------------------------------------------------
                         required time                         14.522    
                         arrival time                         -10.005    
  -------------------------------------------------------------------
                         slack                                  4.516    





Min Delay Paths
--------------------------------------------------------------------------------------
Slack (MET) :             0.372ns  (arrival time - required time)
  Source:                 system_reset_pipe_reg[1]/C
                            (rising edge-triggered cell FDPE clocked by sys_clk_pin  {rise@0.000ns fall@5.000ns period=10.000ns})
  Destination:            U_TOP_OV7670/U_SCCB_CTRL/U_I2C_MASTER/U_I2C_MASTER/FSM_sequential_state_reg[0]/CLR
                            (removal check against rising-edge clock sys_clk_pin  {rise@0.000ns fall@5.000ns period=10.000ns})
  Path Group:             **async_default**
  Path Type:              Removal (Min at Fast Process Corner)
  Requirement:            0.000ns  (sys_clk_pin rise@0.000ns - sys_clk_pin rise@0.000ns)
  Data Path Delay:        0.319ns  (logic 0.141ns (44.241%)  route 0.178ns (55.759%))
  Logic Levels:           0  
  Clock Path Skew:        0.014ns (DCD - SCD - CPR)
    Destination Clock Delay (DCD):    1.957ns
    Source Clock Delay      (SCD):    1.445ns
    Clock Pessimism Removal (CPR):    0.498ns

    Location             Delay type                Incr(ns)  Path(ns)    Netlist Resource(s)
  -------------------------------------------------------------------    -------------------
                         (clock sys_clk_pin rise edge)
                                                      0.000     0.000 r  
    W5                                                0.000     0.000 r  clk (IN)
                         net (fo=0)                   0.000     0.000    clk
    W5                   IBUF (Prop_ibuf_I_O)         0.226     0.226 r  clk_IBUF_inst/O
                         net (fo=1, routed)           0.631     0.858    clk_IBUF
    BUFGCTRL_X0Y1        BUFG (Prop_bufg_I_O)         0.026     0.884 r  clk_IBUF_BUFG_inst/O
                         net (fo=578, routed)         0.562     1.445    clk_IBUF_BUFG
    SLICE_X15Y14         FDPE                                         r  system_reset_pipe_reg[1]/C
  -------------------------------------------------------------------    -------------------
    SLICE_X15Y14         FDPE (Prop_fdpe_C_Q)         0.141     1.586 f  system_reset_pipe_reg[1]/Q
                         net (fo=504, routed)         0.178     1.764    U_TOP_OV7670/U_SCCB_CTRL/U_I2C_MASTER/U_I2C_MASTER/out[0]
    SLICE_X12Y15         FDCE                                         f  U_TOP_OV7670/U_SCCB_CTRL/U_I2C_MASTER/U_I2C_MASTER/FSM_sequential_state_reg[0]/CLR
  -------------------------------------------------------------------    -------------------

                         (clock sys_clk_pin rise edge)
                                                      0.000     0.000 r  
    W5                                                0.000     0.000 r  clk (IN)
                         net (fo=0)                   0.000     0.000    clk
    W5                   IBUF (Prop_ibuf_I_O)         0.414     0.414 r  clk_IBUF_inst/O
                         net (fo=1, routed)           0.685     1.099    clk_IBUF
    BUFGCTRL_X0Y1        BUFG (Prop_bufg_I_O)         0.029     1.128 r  clk_IBUF_BUFG_inst/O
                         net (fo=578, routed)         0.830     1.957    U_TOP_OV7670/U_SCCB_CTRL/U_I2C_MASTER/U_I2C_MASTER/clk_IBUF_BUFG
    SLICE_X12Y15         FDCE                                         r  U_TOP_OV7670/U_SCCB_CTRL/U_I2C_MASTER/U_I2C_MASTER/FSM_sequential_state_reg[0]/C
                         clock pessimism             -0.498     1.459    
    SLICE_X12Y15         FDCE (Remov_fdce_C_CLR)     -0.067     1.392    U_TOP_OV7670/U_SCCB_CTRL/U_I2C_MASTER/U_I2C_MASTER/FSM_sequential_state_reg[0]
  -------------------------------------------------------------------
                         required time                         -1.392    
                         arrival time                           1.764    
  -------------------------------------------------------------------
                         slack                                  0.372    





