Copyright 1986-2020 Xilinx, Inc. All Rights Reserved.
------------------------------------------------------------------------------------------------------
| Tool Version : Vivado v.2020.2 (win64) Build 3064766 Wed Nov 18 09:12:45 MST 2020
| Date         : Sat Jul 18 21:10:35 2026
| Host         : DESKTOP-7CFQ9ND running 64-bit major release  (build 9200)
| Command      : report_timing_summary -file D:/git/vga_project/vga_uart_project/vga_synth_timing.rpt
| Design       : top_airDrawing
| Device       : 7a35t-cpg236
| Speed File   : -1  PRODUCTION 1.23 2018-06-13
------------------------------------------------------------------------------------------------------

Timing Summary Report

------------------------------------------------------------------------------------------------
| Timer Settings
| --------------
------------------------------------------------------------------------------------------------

  Enable Multi Corner Analysis               :  Yes
  Enable Pessimism Removal                   :  Yes
  Pessimism Removal Resolution               :  Nearest Common Node
  Enable Input Delay Default Clock           :  No
  Enable Preset / Clear Arcs                 :  No
  Disable Flight Delays                      :  No
  Ignore I/O Paths                           :  No
  Timing Early Launch at Borrowing Latches   :  No
  Borrow Time for Max Delay Exceptions       :  Yes
  Merge Timing Exceptions                    :  Yes

  Corner  Analyze    Analyze    
  Name    Max Paths  Min Paths  
  ------  ---------  ---------  
  Slow    Yes        Yes        
  Fast    Yes        Yes        



check_timing report

Table of Contents
-----------------
1. checking no_clock (818)
2. checking constant_clock (0)
3. checking pulse_width_clock (0)
4. checking unconstrained_internal_endpoints (2982)
5. checking no_input_delay (16)
6. checking no_output_delay (17)
7. checking multiple_clock (0)
8. checking generated_clocks (0)
9. checking loops (0)
10. checking partial_input_delay (0)
11. checking partial_output_delay (0)
12. checking latch_loops (0)

1. checking no_clock (818)
--------------------------
 There are 818 register/latch pins with no clock driven by root clock pin: pclk (HIGH)


2. checking constant_clock (0)
------------------------------
 There are 0 register/latch pins with constant_clock.


3. checking pulse_width_clock (0)
---------------------------------
 There are 0 register/latch pins which need pulse_width check


4. checking unconstrained_internal_endpoints (2982)
---------------------------------------------------
 There are 2982 pins that are not constrained for maximum delay. (HIGH)

 There are 0 pins that are not constrained for maximum delay due to constant clock.


5. checking no_input_delay (16)
-------------------------------
 There are 16 input ports with no input delay specified. (HIGH)

 There are 0 input ports with no input delay but user has a false path constraint.


6. checking no_output_delay (17)
--------------------------------
 There are 17 ports with no output delay specified. (HIGH)

 There are 0 ports with no output delay but user has a false path constraint

 There are 0 ports with no output delay but with a timing clock defined on it or propagating through it


7. checking multiple_clock (0)
------------------------------
 There are 0 register/latch pins with multiple clocks.


8. checking generated_clocks (0)
--------------------------------
 There are 0 generated clocks that are not connected to a clock source.


9. checking loops (0)
---------------------
 There are 0 combinational loops in the design.


10. checking partial_input_delay (0)
------------------------------------
 There are 0 input ports with partial input delay specified.


11. checking partial_output_delay (0)
-------------------------------------
 There are 0 ports with partial output delay specified.


12. checking latch_loops (0)
----------------------------
 There are 0 combinational latch loops in the design through latch input



------------------------------------------------------------------------------------------------
| Design Timing Summary
| ---------------------
------------------------------------------------------------------------------------------------

    WNS(ns)      TNS(ns)  TNS Failing Endpoints  TNS Total Endpoints      WHS(ns)      THS(ns)  THS Failing Endpoints  THS Total Endpoints     WPWS(ns)     TPWS(ns)  TPWS Failing Endpoints  TPWS Total Endpoints  
    -------      -------  ---------------------  -------------------      -------      -------  ---------------------  -------------------     --------     --------  ----------------------  --------------------  
      3.182        0.000                      0                 1678        0.071        0.000                      0                 1678        3.000        0.000                       0                   492  


All user specified timing constraints are met.


------------------------------------------------------------------------------------------------
| Clock Summary
| -------------
------------------------------------------------------------------------------------------------

Clock          Waveform(ns)       Period(ns)      Frequency(MHz)
-----          ------------       ----------      --------------
sys_clk_pin    {0.000 5.000}      10.000          100.000         
  xclk_fb_raw  {0.000 20.000}     40.000          25.000          
  xclk_raw     {0.000 21.757}     43.515          22.981          


------------------------------------------------------------------------------------------------
| Intra Clock Table
| -----------------
------------------------------------------------------------------------------------------------

Clock              WNS(ns)      TNS(ns)  TNS Failing Endpoints  TNS Total Endpoints      WHS(ns)      THS(ns)  THS Failing Endpoints  THS Total Endpoints     WPWS(ns)     TPWS(ns)  TPWS Failing Endpoints  TPWS Total Endpoints  
-----              -------      -------  ---------------------  -------------------      -------      -------  ---------------------  -------------------     --------     --------  ----------------------  --------------------  
sys_clk_pin          3.182        0.000                      0                 1264        0.071        0.000                      0                 1264        3.000        0.000                       0                   487  
  xclk_fb_raw                                                                                                                                                   37.845        0.000                       0                     3  
  xclk_raw                                                                                                                                                      41.359        0.000                       0                     2  


------------------------------------------------------------------------------------------------
| Inter Clock Table
| -----------------
------------------------------------------------------------------------------------------------

From Clock    To Clock          WNS(ns)      TNS(ns)  TNS Failing Endpoints  TNS Total Endpoints      WHS(ns)      THS(ns)  THS Failing Endpoints  THS Total Endpoints  
----------    --------          -------      -------  ---------------------  -------------------      -------      -------  ---------------------  -------------------  


------------------------------------------------------------------------------------------------
| Other Path Groups Table
| -----------------------
------------------------------------------------------------------------------------------------

Path Group         From Clock         To Clock               WNS(ns)      TNS(ns)  TNS Failing Endpoints  TNS Total Endpoints      WHS(ns)      THS(ns)  THS Failing Endpoints  THS Total Endpoints  
----------         ----------         --------               -------      -------  ---------------------  -------------------      -------      -------  ---------------------  -------------------  
**async_default**  sys_clk_pin        sys_clk_pin              7.415        0.000                      0                  414        0.713        0.000                      0                  414  


------------------------------------------------------------------------------------------------
| Timing Details
| --------------
------------------------------------------------------------------------------------------------


---------------------------------------------------------------------------------------------------
From Clock:  sys_clk_pin
  To Clock:  sys_clk_pin

Setup :            0  Failing Endpoints,  Worst Slack        3.182ns,  Total Violation        0.000ns
Hold  :            0  Failing Endpoints,  Worst Slack        0.071ns,  Total Violation        0.000ns
PW    :            0  Failing Endpoints,  Worst Slack        3.000ns,  Total Violation        0.000ns
---------------------------------------------------------------------------------------------------


Max Delay Paths
--------------------------------------------------------------------------------------
Slack (MET) :             3.182ns  (required time - arrival time)
  Source:                 U_TOP_BUFFER/U_STREAM/bank_reg[5]/C
                            (rising edge-triggered cell FDCE clocked by sys_clk_pin  {rise@0.000ns fall@5.000ns period=10.000ns})
  Destination:            U_TOP_BUFFER/U_RING/U_LINE_RAM/xpm_memory_base_inst/gen_wr_b.gen_word_narrow.mem_reg_0_0/ADDRBWRADDR[0]
                            (rising edge-triggered cell RAMB36E1 clocked by sys_clk_pin  {rise@0.000ns fall@5.000ns period=10.000ns})
  Path Group:             sys_clk_pin
  Path Type:              Setup (Max at Slow Process Corner)
  Requirement:            10.000ns  (sys_clk_pin rise@10.000ns - sys_clk_pin rise@0.000ns)
  Data Path Delay:        6.071ns  (logic 4.472ns (73.656%)  route 1.599ns (26.344%))
  Logic Levels:           1  (DSP48E1=1)
  Clock Path Skew:        -0.145ns (DCD - SCD + CPR)
    Destination Clock Delay (DCD):    2.678ns = ( 12.678 - 10.000 ) 
    Source Clock Delay      (SCD):    2.938ns
    Clock Pessimism Removal (CPR):    0.115ns
  Clock Uncertainty:      0.035ns  ((TSJ^2 + TIJ^2)^1/2 + DJ) / 2 + PE
    Total System Jitter     (TSJ):    0.071ns
    Total Input Jitter      (TIJ):    0.000ns
    Discrete Jitter          (DJ):    0.000ns
    Phase Error              (PE):    0.000ns

    Location             Delay type                Incr(ns)  Path(ns)    Netlist Resource(s)
  -------------------------------------------------------------------    -------------------
                         (clock sys_clk_pin rise edge)
                                                      0.000     0.000 r  
    W5                                                0.000     0.000 r  clk (IN)
                         net (fo=0)                   0.000     0.000    clk
    W5                   IBUF (Prop_ibuf_I_O)         1.458     1.458 r  clk_IBUF_inst/O
                         net (fo=1, unplaced)         0.800     2.258    clk_IBUF
                         BUFG (Prop_bufg_I_O)         0.096     2.354 r  clk_IBUF_BUFG_inst/O
                         net (fo=486, unplaced)       0.584     2.938    U_TOP_BUFFER/U_STREAM/clk_IBUF_BUFG
                         FDCE                                         r  U_TOP_BUFFER/U_STREAM/bank_reg[5]/C
  -------------------------------------------------------------------    -------------------
                         FDCE (Prop_fdce_C_Q)         0.456     3.394 r  U_TOP_BUFFER/U_STREAM/bank_reg[5]/Q
                         net (fo=1, unplaced)         0.800     4.194    U_TOP_BUFFER/U_RING/read_addr_0[5]
                         DSP48E1 (Prop_dsp48e1_A[5]_P[0])
                                                      4.016     8.210 r  U_TOP_BUFFER/U_RING/read_addr/P[0]
                         net (fo=24, unplaced)        0.800     9.010    U_TOP_BUFFER/U_RING/U_LINE_RAM/xpm_memory_base_inst/addrb[0]
                         RAMB36E1                                     r  U_TOP_BUFFER/U_RING/U_LINE_RAM/xpm_memory_base_inst/gen_wr_b.gen_word_narrow.mem_reg_0_0/ADDRBWRADDR[0]
  -------------------------------------------------------------------    -------------------

                         (clock sys_clk_pin rise edge)
                                                     10.000    10.000 r  
    W5                                                0.000    10.000 r  clk (IN)
                         net (fo=0)                   0.000    10.000    clk
    W5                   IBUF (Prop_ibuf_I_O)         1.388    11.388 r  clk_IBUF_inst/O
                         net (fo=1, unplaced)         0.760    12.148    clk_IBUF
                         BUFG (Prop_bufg_I_O)         0.091    12.239 r  clk_IBUF_BUFG_inst/O
                         net (fo=486, unplaced)       0.439    12.678    U_TOP_BUFFER/U_RING/U_LINE_RAM/xpm_memory_base_inst/clkb
                         RAMB36E1                                     r  U_TOP_BUFFER/U_RING/U_LINE_RAM/xpm_memory_base_inst/gen_wr_b.gen_word_narrow.mem_reg_0_0/CLKBWRCLK
                         clock pessimism              0.115    12.793    
                         clock uncertainty           -0.035    12.758    
                         RAMB36E1 (Setup_ramb36e1_CLKBWRCLK_ADDRBWRADDR[0])
                                                     -0.566    12.192    U_TOP_BUFFER/U_RING/U_LINE_RAM/xpm_memory_base_inst/gen_wr_b.gen_word_narrow.mem_reg_0_0
  -------------------------------------------------------------------
                         required time                         12.192    
                         arrival time                          -9.010    
  -------------------------------------------------------------------
                         slack                                  3.182    





Min Delay Paths
--------------------------------------------------------------------------------------
Slack (MET) :             0.071ns  (arrival time - required time)
  Source:                 U_TOP_UART/U_UART_PACKET_DECODER/U_BAUD_TICK_16/phase_acc_reg[12]/C
                            (rising edge-triggered cell FDCE clocked by sys_clk_pin  {rise@0.000ns fall@5.000ns period=10.000ns})
  Destination:            U_TOP_UART/U_UART_PACKET_DECODER/U_BAUD_TICK_16/phase_acc_reg[13]/D
                            (rising edge-triggered cell FDCE clocked by sys_clk_pin  {rise@0.000ns fall@5.000ns period=10.000ns})
  Path Group:             sys_clk_pin
  Path Type:              Hold (Min at Fast Process Corner)
  Requirement:            0.000ns  (sys_clk_pin rise@0.000ns - sys_clk_pin rise@0.000ns)
  Data Path Delay:        0.321ns  (logic 0.235ns (73.307%)  route 0.086ns (26.693%))
  Logic Levels:           1  (CARRY4=1)
  Clock Path Skew:        0.145ns (DCD - SCD - CPR)
    Destination Clock Delay (DCD):    1.057ns
    Source Clock Delay      (SCD):    0.704ns
    Clock Pessimism Removal (CPR):    0.208ns

    Location             Delay type                Incr(ns)  Path(ns)    Netlist Resource(s)
  -------------------------------------------------------------------    -------------------
                         (clock sys_clk_pin rise edge)
                                                      0.000     0.000 r  
    W5                                                0.000     0.000 r  clk (IN)
                         net (fo=0)                   0.000     0.000    clk
    W5                   IBUF (Prop_ibuf_I_O)         0.226     0.226 r  clk_IBUF_inst/O
                         net (fo=1, unplaced)         0.337     0.564    clk_IBUF
                         BUFG (Prop_bufg_I_O)         0.026     0.590 r  clk_IBUF_BUFG_inst/O
                         net (fo=486, unplaced)       0.114     0.704    U_TOP_UART/U_UART_PACKET_DECODER/U_BAUD_TICK_16/clk_IBUF_BUFG
                         FDCE                                         r  U_TOP_UART/U_UART_PACKET_DECODER/U_BAUD_TICK_16/phase_acc_reg[12]/C
  -------------------------------------------------------------------    -------------------
                         FDCE (Prop_fdce_C_Q)         0.141     0.845 r  U_TOP_UART/U_UART_PACKET_DECODER/U_BAUD_TICK_16/phase_acc_reg[12]/Q
                         net (fo=2, unplaced)         0.086     0.930    U_TOP_UART/U_UART_PACKET_DECODER/U_BAUD_TICK_16/phase_acc[12]
                         CARRY4 (Prop_carry4_DI[0]_O[1])
                                                      0.094     1.024 r  U_TOP_UART/U_UART_PACKET_DECODER/U_BAUD_TICK_16/phase_acc_reg[15]_i_1/O[1]
                         net (fo=1, unplaced)         0.000     1.024    U_TOP_UART/U_UART_PACKET_DECODER/U_BAUD_TICK_16/phase_sum[13]
                         FDCE                                         r  U_TOP_UART/U_UART_PACKET_DECODER/U_BAUD_TICK_16/phase_acc_reg[13]/D
  -------------------------------------------------------------------    -------------------

                         (clock sys_clk_pin rise edge)
                                                      0.000     0.000 r  
    W5                                                0.000     0.000 r  clk (IN)
                         net (fo=0)                   0.000     0.000    clk
    W5                   IBUF (Prop_ibuf_I_O)         0.414     0.414 r  clk_IBUF_inst/O
                         net (fo=1, unplaced)         0.355     0.769    clk_IBUF
                         BUFG (Prop_bufg_I_O)         0.029     0.798 r  clk_IBUF_BUFG_inst/O
                         net (fo=486, unplaced)       0.259     1.057    U_TOP_UART/U_UART_PACKET_DECODER/U_BAUD_TICK_16/clk_IBUF_BUFG
                         FDCE                                         r  U_TOP_UART/U_UART_PACKET_DECODER/U_BAUD_TICK_16/phase_acc_reg[13]/C
                         clock pessimism             -0.208     0.849    
                         FDCE (Hold_fdce_C_D)         0.105     0.954    U_TOP_UART/U_UART_PACKET_DECODER/U_BAUD_TICK_16/phase_acc_reg[13]
  -------------------------------------------------------------------
                         required time                         -0.954    
                         arrival time                           1.024    
  -------------------------------------------------------------------
                         slack                                  0.071    





Pulse Width Checks
--------------------------------------------------------------------------------------
Clock Name:         sys_clk_pin
Waveform(ns):       { 0.000 5.000 }
Period(ns):         10.000
Sources:            { clk }

Check Type        Corner  Lib Pin             Reference Pin  Required(ns)  Actual(ns)  Slack(ns)  Location  Pin
Min Period        n/a     RAMB36E1/CLKBWRCLK  n/a            3.363         10.000      6.637                U_TOP_BUFFER/U_RING/U_LINE_RAM/xpm_memory_base_inst/gen_wr_b.gen_word_narrow.mem_reg_1_0/CLKBWRCLK
Max Period        n/a     MMCME2_ADV/CLKIN1   n/a            100.000       10.000      90.000               U_CLOCK_GEN/U_CAMERA_PLL/CLKIN1
Low Pulse Width   Fast    MMCME2_ADV/CLKIN1   n/a            2.000         5.000       3.000                U_CLOCK_GEN/U_CAMERA_PLL/CLKIN1
High Pulse Width  Slow    MMCME2_ADV/CLKIN1   n/a            2.000         5.000       3.000                U_CLOCK_GEN/U_CAMERA_PLL/CLKIN1



---------------------------------------------------------------------------------------------------
From Clock:  xclk_fb_raw
  To Clock:  xclk_fb_raw

Setup :           NA  Failing Endpoints,  Worst Slack           NA  ,  Total Violation           NA
Hold  :           NA  Failing Endpoints,  Worst Slack           NA  ,  Total Violation           NA
PW    :            0  Failing Endpoints,  Worst Slack       37.845ns,  Total Violation        0.000ns
---------------------------------------------------------------------------------------------------


Pulse Width Checks
--------------------------------------------------------------------------------------
Clock Name:         xclk_fb_raw
Waveform(ns):       { 0.000 20.000 }
Period(ns):         40.000
Sources:            { U_CLOCK_GEN/U_CAMERA_PLL/CLKFBOUT }

Check Type  Corner  Lib Pin             Reference Pin  Required(ns)  Actual(ns)  Slack(ns)  Location  Pin
Min Period  n/a     BUFG/I              n/a            2.155         40.000      37.845               U_CLOCK_GEN/U_CAMERA_PLL_FB/I
Max Period  n/a     MMCME2_ADV/CLKFBIN  n/a            100.000       40.000      60.000               U_CLOCK_GEN/U_CAMERA_PLL/CLKFBIN



---------------------------------------------------------------------------------------------------
From Clock:  xclk_raw
  To Clock:  xclk_raw

Setup :           NA  Failing Endpoints,  Worst Slack           NA  ,  Total Violation           NA
Hold  :           NA  Failing Endpoints,  Worst Slack           NA  ,  Total Violation           NA
PW    :            0  Failing Endpoints,  Worst Slack       41.359ns,  Total Violation        0.000ns
---------------------------------------------------------------------------------------------------


Pulse Width Checks
--------------------------------------------------------------------------------------
Clock Name:         xclk_raw
Waveform(ns):       { 0.000 21.757 }
Period(ns):         43.515
Sources:            { U_CLOCK_GEN/U_CAMERA_PLL/CLKOUT0 }

Check Type  Corner  Lib Pin             Reference Pin  Required(ns)  Actual(ns)  Slack(ns)  Location  Pin
Min Period  n/a     BUFG/I              n/a            2.155         43.515      41.359               U_CLOCK_GEN/U_CAMERA_XCLK_BUF/I
Max Period  n/a     MMCME2_ADV/CLKOUT0  n/a            213.360       43.515      169.845              U_CLOCK_GEN/U_CAMERA_PLL/CLKOUT0



---------------------------------------------------------------------------------------------------
Path Group:  **async_default**
From Clock:  sys_clk_pin
  To Clock:  sys_clk_pin

Setup :            0  Failing Endpoints,  Worst Slack        7.415ns,  Total Violation        0.000ns
Hold  :            0  Failing Endpoints,  Worst Slack        0.713ns,  Total Violation        0.000ns
---------------------------------------------------------------------------------------------------


Max Delay Paths
--------------------------------------------------------------------------------------
Slack (MET) :             7.415ns  (required time - arrival time)
  Source:                 por_done_reg/C
                            (rising edge-triggered cell FDRE clocked by sys_clk_pin  {rise@0.000ns fall@5.000ns period=10.000ns})
  Destination:            U_BTN_ERASER/cnt_reg[0]/CLR
                            (recovery check against rising-edge clock sys_clk_pin  {rise@0.000ns fall@5.000ns period=10.000ns})
  Path Group:             **async_default**
  Path Type:              Recovery (Max at Slow Process Corner)
  Requirement:            10.000ns  (sys_clk_pin rise@10.000ns - sys_clk_pin rise@0.000ns)
  Data Path Delay:        1.996ns  (logic 0.751ns (37.625%)  route 1.245ns (62.375%))
  Logic Levels:           1  (LUT2=1)
  Clock Path Skew:        -0.145ns (DCD - SCD + CPR)
    Destination Clock Delay (DCD):    2.678ns = ( 12.678 - 10.000 ) 
    Source Clock Delay      (SCD):    2.938ns
    Clock Pessimism Removal (CPR):    0.115ns
  Clock Uncertainty:      0.035ns  ((TSJ^2 + TIJ^2)^1/2 + DJ) / 2 + PE
    Total System Jitter     (TSJ):    0.071ns
    Total Input Jitter      (TIJ):    0.000ns
    Discrete Jitter          (DJ):    0.000ns
    Phase Error              (PE):    0.000ns

    Location             Delay type                Incr(ns)  Path(ns)    Netlist Resource(s)
  -------------------------------------------------------------------    -------------------
                         (clock sys_clk_pin rise edge)
                                                      0.000     0.000 r  
    W5                                                0.000     0.000 r  clk (IN)
                         net (fo=0)                   0.000     0.000    clk
    W5                   IBUF (Prop_ibuf_I_O)         1.458     1.458 r  clk_IBUF_inst/O
                         net (fo=1, unplaced)         0.800     2.258    clk_IBUF
                         BUFG (Prop_bufg_I_O)         0.096     2.354 r  clk_IBUF_BUFG_inst/O
                         net (fo=486, unplaced)       0.584     2.938    clk_IBUF_BUFG
                         FDRE                                         r  por_done_reg/C
  -------------------------------------------------------------------    -------------------
                         FDRE (Prop_fdre_C_Q)         0.456     3.394 r  por_done_reg/Q
                         net (fo=3, unplaced)         0.329     3.723    U_TOP_BUFFER/U_CANVAS/U_CANVAS_BUFFER/U_brush_draw_engine/U_STROKE_CONTROLLER/line_threshold_reg[3]_0
                         LUT2 (Prop_lut2_I1_O)        0.295     4.018 f  U_TOP_BUFFER/U_CANVAS/U_CANVAS_BUFFER/U_brush_draw_engine/U_STROKE_CONTROLLER/U_CAMERA_PLL_i_1/O
                         net (fo=762, unplaced)       0.916     4.934    U_BTN_ERASER/pulse_reg_0
                         FDCE                                         f  U_BTN_ERASER/cnt_reg[0]/CLR
  -------------------------------------------------------------------    -------------------

                         (clock sys_clk_pin rise edge)
                                                     10.000    10.000 r  
    W5                                                0.000    10.000 r  clk (IN)
                         net (fo=0)                   0.000    10.000    clk
    W5                   IBUF (Prop_ibuf_I_O)         1.388    11.388 r  clk_IBUF_inst/O
                         net (fo=1, unplaced)         0.760    12.148    clk_IBUF
                         BUFG (Prop_bufg_I_O)         0.091    12.239 r  clk_IBUF_BUFG_inst/O
                         net (fo=486, unplaced)       0.439    12.678    U_BTN_ERASER/clk_IBUF_BUFG
                         FDCE                                         r  U_BTN_ERASER/cnt_reg[0]/C
                         clock pessimism              0.115    12.793    
                         clock uncertainty           -0.035    12.758    
                         FDCE (Recov_fdce_C_CLR)     -0.409    12.349    U_BTN_ERASER/cnt_reg[0]
  -------------------------------------------------------------------
                         required time                         12.349    
                         arrival time                          -4.934    
  -------------------------------------------------------------------
                         slack                                  7.415    





Min Delay Paths
--------------------------------------------------------------------------------------
Slack (MET) :             0.713ns  (arrival time - required time)
  Source:                 por_done_reg/C
                            (rising edge-triggered cell FDRE clocked by sys_clk_pin  {rise@0.000ns fall@5.000ns period=10.000ns})
  Destination:            U_BTN_ERASER/cnt_reg[0]/CLR
                            (removal check against rising-edge clock sys_clk_pin  {rise@0.000ns fall@5.000ns period=10.000ns})
  Path Group:             **async_default**
  Path Type:              Removal (Min at Fast Process Corner)
  Requirement:            0.000ns  (sys_clk_pin rise@0.000ns - sys_clk_pin rise@0.000ns)
  Data Path Delay:        0.764ns  (logic 0.239ns (31.291%)  route 0.525ns (68.709%))
  Logic Levels:           1  (LUT2=1)
  Clock Path Skew:        0.145ns (DCD - SCD - CPR)
    Destination Clock Delay (DCD):    1.057ns
    Source Clock Delay      (SCD):    0.704ns
    Clock Pessimism Removal (CPR):    0.208ns

    Location             Delay type                Incr(ns)  Path(ns)    Netlist Resource(s)
  -------------------------------------------------------------------    -------------------
                         (clock sys_clk_pin rise edge)
                                                      0.000     0.000 r  
    W5                                                0.000     0.000 r  clk (IN)
                         net (fo=0)                   0.000     0.000    clk
    W5                   IBUF (Prop_ibuf_I_O)         0.226     0.226 r  clk_IBUF_inst/O
                         net (fo=1, unplaced)         0.337     0.564    clk_IBUF
                         BUFG (Prop_bufg_I_O)         0.026     0.590 r  clk_IBUF_BUFG_inst/O
                         net (fo=486, unplaced)       0.114     0.704    clk_IBUF_BUFG
                         FDRE                                         r  por_done_reg/C
  -------------------------------------------------------------------    -------------------
                         FDRE (Prop_fdre_C_Q)         0.141     0.845 r  por_done_reg/Q
                         net (fo=3, unplaced)         0.139     0.983    U_TOP_BUFFER/U_CANVAS/U_CANVAS_BUFFER/U_brush_draw_engine/U_STROKE_CONTROLLER/line_threshold_reg[3]_0
                         LUT2 (Prop_lut2_I1_O)        0.098     1.081 f  U_TOP_BUFFER/U_CANVAS/U_CANVAS_BUFFER/U_brush_draw_engine/U_STROKE_CONTROLLER/U_CAMERA_PLL_i_1/O
                         net (fo=762, unplaced)       0.386     1.467    U_BTN_ERASER/pulse_reg_0
                         FDCE                                         f  U_BTN_ERASER/cnt_reg[0]/CLR
  -------------------------------------------------------------------    -------------------

                         (clock sys_clk_pin rise edge)
                                                      0.000     0.000 r  
    W5                                                0.000     0.000 r  clk (IN)
                         net (fo=0)                   0.000     0.000    clk
    W5                   IBUF (Prop_ibuf_I_O)         0.414     0.414 r  clk_IBUF_inst/O
                         net (fo=1, unplaced)         0.355     0.769    clk_IBUF
                         BUFG (Prop_bufg_I_O)         0.029     0.798 r  clk_IBUF_BUFG_inst/O
                         net (fo=486, unplaced)       0.259     1.057    U_BTN_ERASER/clk_IBUF_BUFG
                         FDCE                                         r  U_BTN_ERASER/cnt_reg[0]/C
                         clock pessimism             -0.208     0.849    
                         FDCE (Remov_fdce_C_CLR)     -0.094     0.755    U_BTN_ERASER/cnt_reg[0]
  -------------------------------------------------------------------
                         required time                         -0.755    
                         arrival time                           1.467    
  -------------------------------------------------------------------
                         slack                                  0.713    





