Copyright 1986-2020 Xilinx, Inc. All Rights Reserved.
------------------------------------------------------------------------------------------------------------------------------------
| Tool Version : Vivado v.2020.2 (win64) Build 3064766 Wed Nov 18 09:12:45 MST 2020
| Date         : Thu Jul 16 10:29:53 2026
| Host         : DESKTOP-7CFQ9ND running 64-bit major release  (build 9200)
| Command      : report_drc -file top_airDrawing_drc_routed.rpt -pb top_airDrawing_drc_routed.pb -rpx top_airDrawing_drc_routed.rpx
| Design       : top_airDrawing
| Device       : xc7a35tcpg236-1
| Speed File   : -1
| Design State : Fully Routed
------------------------------------------------------------------------------------------------------------------------------------

Report DRC

Table of Contents
-----------------
1. REPORT SUMMARY
2. REPORT DETAILS

1. REPORT SUMMARY
-----------------
            Netlist: netlist
          Floorplan: design_1
      Design limits: <entire design considered>
           Ruledeck: default
             Max violations: <unlimited>
             Violations found: 35
+-----------+----------+---------------------------------+------------+
| Rule      | Severity | Description                     | Violations |
+-----------+----------+---------------------------------+------------+
| CHECK-3   | Warning  | Report rule limit reached       | 1          |
| DPIP-1    | Warning  | Input pipelining                | 6          |
| DPOP-1    | Warning  | PREG Output pipelining          | 3          |
| DPOP-2    | Warning  | MREG Output pipelining          | 4          |
| REQP-1839 | Warning  | RAMB36 async control check      | 20         |
| RPBF-3    | Warning  | IO port buffering is incomplete | 1          |
+-----------+----------+---------------------------------+------------+

2. REPORT DETAILS
-----------------
CHECK-3#1 Warning
Report rule limit reached  
REQP-1839 rule limit reached: 20 violations have been found.
Related violations: <none>

DPIP-1#1 Warning
Input pipelining  
DSP U_TOP_BUFFER/U_TOP_CANVAS/U_CANVAS_BUFFER/U_brush_draw_engine/U_CIRCULAR_BRUSH_RENDERER/ram_waddr0 input U_TOP_BUFFER/U_TOP_CANVAS/U_CANVAS_BUFFER/U_brush_draw_engine/U_CIRCULAR_BRUSH_RENDERER/ram_waddr0/A[29:0] is not pipelined. Pipelining DSP48 input will improve performance.
Related violations: <none>

DPIP-1#2 Warning
Input pipelining  
DSP U_TOP_BUFFER/U_TOP_CANVAS/U_CANVAS_BUFFER/U_brush_draw_engine/U_CIRCULAR_BRUSH_RENDERER/ram_waddr0 input U_TOP_BUFFER/U_TOP_CANVAS/U_CANVAS_BUFFER/U_brush_draw_engine/U_CIRCULAR_BRUSH_RENDERER/ram_waddr0/C[47:0] is not pipelined. Pipelining DSP48 input will improve performance.
Related violations: <none>

DPIP-1#3 Warning
Input pipelining  
DSP U_TOP_BUFFER/U_TOP_CANVAS/U_CANVAS_BUFFER/U_coord_filter/avx input U_TOP_BUFFER/U_TOP_CANVAS/U_CANVAS_BUFFER/U_coord_filter/avx/A[29:0] is not pipelined. Pipelining DSP48 input will improve performance.
Related violations: <none>

DPIP-1#4 Warning
Input pipelining  
DSP U_TOP_BUFFER/U_TOP_CANVAS/U_CANVAS_BUFFER/U_coord_filter/avy input U_TOP_BUFFER/U_TOP_CANVAS/U_CANVAS_BUFFER/U_coord_filter/avy/A[29:0] is not pipelined. Pipelining DSP48 input will improve performance.
Related violations: <none>

DPIP-1#5 Warning
Input pipelining  
DSP U_TOP_BUFFER/U_TOP_FRAMEBUFFER/U_FRAMEBUFFER_READER/addr0 input U_TOP_BUFFER/U_TOP_FRAMEBUFFER/U_FRAMEBUFFER_READER/addr0/A[29:0] is not pipelined. Pipelining DSP48 input will improve performance.
Related violations: <none>

DPIP-1#6 Warning
Input pipelining  
DSP U_TOP_BUFFER/U_TOP_FRAMEBUFFER/U_FRAMEBUFFER_READER/addr0 input U_TOP_BUFFER/U_TOP_FRAMEBUFFER/U_FRAMEBUFFER_READER/addr0/C[47:0] is not pipelined. Pipelining DSP48 input will improve performance.
Related violations: <none>

DPOP-1#1 Warning
PREG Output pipelining  
DSP U_TOP_BUFFER/U_TOP_CANVAS/U_CANVAS_BUFFER/U_coord_filter/avx output U_TOP_BUFFER/U_TOP_CANVAS/U_CANVAS_BUFFER/U_coord_filter/avx/P[47:0] is not pipelined (PREG=0). Pipelining the DSP48 output will improve performance and often saves power so it is suggested whenever possible to fully pipeline this function.  If this DSP48 function was inferred, it is suggested to describe an additional register stage after this function.  If the DSP48 was instantiated in the design, it is suggested to set the PREG attribute to 1.
Related violations: <none>

DPOP-1#2 Warning
PREG Output pipelining  
DSP U_TOP_BUFFER/U_TOP_CANVAS/U_CANVAS_BUFFER/U_coord_filter/avy output U_TOP_BUFFER/U_TOP_CANVAS/U_CANVAS_BUFFER/U_coord_filter/avy/P[47:0] is not pipelined (PREG=0). Pipelining the DSP48 output will improve performance and often saves power so it is suggested whenever possible to fully pipeline this function.  If this DSP48 function was inferred, it is suggested to describe an additional register stage after this function.  If the DSP48 was instantiated in the design, it is suggested to set the PREG attribute to 1.
Related violations: <none>

DPOP-1#3 Warning
PREG Output pipelining  
DSP U_TOP_BUFFER/U_TOP_FRAMEBUFFER/U_FRAMEBUFFER_READER/addr0 output U_TOP_BUFFER/U_TOP_FRAMEBUFFER/U_FRAMEBUFFER_READER/addr0/P[47:0] is not pipelined (PREG=0). Pipelining the DSP48 output will improve performance and often saves power so it is suggested whenever possible to fully pipeline this function.  If this DSP48 function was inferred, it is suggested to describe an additional register stage after this function.  If the DSP48 was instantiated in the design, it is suggested to set the PREG attribute to 1.
Related violations: <none>

DPOP-2#1 Warning
MREG Output pipelining  
DSP U_TOP_BUFFER/U_TOP_CANVAS/U_CANVAS_BUFFER/U_brush_draw_engine/U_CIRCULAR_BRUSH_RENDERER/ram_waddr0 multiplier stage U_TOP_BUFFER/U_TOP_CANVAS/U_CANVAS_BUFFER/U_brush_draw_engine/U_CIRCULAR_BRUSH_RENDERER/ram_waddr0/P[47:0] is not pipelined (MREG=0). Pipelining the multiplier function will improve performance and will save significant power so it is suggested whenever possible to fully pipeline this function.  If this multiplier was inferred, it is suggested to describe an additional register stage after this function.  If there is no registered adder/accumulator following the multiply function, two pipeline stages are suggested to allow both the MREG and PREG registers to be used.  If the DSP48 was instantiated in the design, it is suggested to set both the MREG and PREG attributes to 1 when performing multiply functions.
Related violations: <none>

DPOP-2#2 Warning
MREG Output pipelining  
DSP U_TOP_BUFFER/U_TOP_CANVAS/U_CANVAS_BUFFER/U_coord_filter/avx multiplier stage U_TOP_BUFFER/U_TOP_CANVAS/U_CANVAS_BUFFER/U_coord_filter/avx/P[47:0] is not pipelined (MREG=0). Pipelining the multiplier function will improve performance and will save significant power so it is suggested whenever possible to fully pipeline this function.  If this multiplier was inferred, it is suggested to describe an additional register stage after this function.  If there is no registered adder/accumulator following the multiply function, two pipeline stages are suggested to allow both the MREG and PREG registers to be used.  If the DSP48 was instantiated in the design, it is suggested to set both the MREG and PREG attributes to 1 when performing multiply functions.
Related violations: <none>

DPOP-2#3 Warning
MREG Output pipelining  
DSP U_TOP_BUFFER/U_TOP_CANVAS/U_CANVAS_BUFFER/U_coord_filter/avy multiplier stage U_TOP_BUFFER/U_TOP_CANVAS/U_CANVAS_BUFFER/U_coord_filter/avy/P[47:0] is not pipelined (MREG=0). Pipelining the multiplier function will improve performance and will save significant power so it is suggested whenever possible to fully pipeline this function.  If this multiplier was inferred, it is suggested to describe an additional register stage after this function.  If there is no registered adder/accumulator following the multiply function, two pipeline stages are suggested to allow both the MREG and PREG registers to be used.  If the DSP48 was instantiated in the design, it is suggested to set both the MREG and PREG attributes to 1 when performing multiply functions.
Related violations: <none>

DPOP-2#4 Warning
MREG Output pipelining  
DSP U_TOP_BUFFER/U_TOP_FRAMEBUFFER/U_FRAMEBUFFER_READER/addr0 multiplier stage U_TOP_BUFFER/U_TOP_FRAMEBUFFER/U_FRAMEBUFFER_READER/addr0/P[47:0] is not pipelined (MREG=0). Pipelining the multiplier function will improve performance and will save significant power so it is suggested whenever possible to fully pipeline this function.  If this multiplier was inferred, it is suggested to describe an additional register stage after this function.  If there is no registered adder/accumulator following the multiply function, two pipeline stages are suggested to allow both the MREG and PREG registers to be used.  If the DSP48 was instantiated in the design, it is suggested to set both the MREG and PREG attributes to 1 when performing multiply functions.
Related violations: <none>

REQP-1839#1 Warning
RAMB36 async control check  
The RAMB36E1 U_TOP_BUFFER/U_TOP_CANVAS/U_CANVAS_BUFFER/U_canvas_buffer/mem_reg_0_0 has an input control pin U_TOP_BUFFER/U_TOP_CANVAS/U_CANVAS_BUFFER/U_canvas_buffer/mem_reg_0_0/ADDRARDADDR[0] (net: U_TOP_BUFFER/U_TOP_CANVAS/U_CANVAS_BUFFER/U_canvas_buffer/ram_waddr[0]) which is driven by a register (mem_reg_0_0_i_38) that has an active asychronous set or reset. This may cause corruption of the memory contents and/or read values when the set/reset is asserted and is not analyzed by the default static timing analysis. It is suggested to eliminate the use of a set/reset to registers driving this RAMB pin or else use a synchronous reset in which the assertion of the reset is timed by default.
Related violations: <none>

REQP-1839#2 Warning
RAMB36 async control check  
The RAMB36E1 U_TOP_BUFFER/U_TOP_CANVAS/U_CANVAS_BUFFER/U_canvas_buffer/mem_reg_0_0 has an input control pin U_TOP_BUFFER/U_TOP_CANVAS/U_CANVAS_BUFFER/U_canvas_buffer/mem_reg_0_0/ADDRARDADDR[10] (net: U_TOP_BUFFER/U_TOP_CANVAS/U_CANVAS_BUFFER/U_canvas_buffer/ram_waddr[10]) which is driven by a register (mem_reg_0_0_i_38) that has an active asychronous set or reset. This may cause corruption of the memory contents and/or read values when the set/reset is asserted and is not analyzed by the default static timing analysis. It is suggested to eliminate the use of a set/reset to registers driving this RAMB pin or else use a synchronous reset in which the assertion of the reset is timed by default.
Related violations: <none>

REQP-1839#3 Warning
RAMB36 async control check  
The RAMB36E1 U_TOP_BUFFER/U_TOP_CANVAS/U_CANVAS_BUFFER/U_canvas_buffer/mem_reg_0_0 has an input control pin U_TOP_BUFFER/U_TOP_CANVAS/U_CANVAS_BUFFER/U_canvas_buffer/mem_reg_0_0/ADDRARDADDR[11] (net: U_TOP_BUFFER/U_TOP_CANVAS/U_CANVAS_BUFFER/U_canvas_buffer/ram_waddr[11]) which is driven by a register (mem_reg_0_0_i_38) that has an active asychronous set or reset. This may cause corruption of the memory contents and/or read values when the set/reset is asserted and is not analyzed by the default static timing analysis. It is suggested to eliminate the use of a set/reset to registers driving this RAMB pin or else use a synchronous reset in which the assertion of the reset is timed by default.
Related violations: <none>

REQP-1839#4 Warning
RAMB36 async control check  
The RAMB36E1 U_TOP_BUFFER/U_TOP_CANVAS/U_CANVAS_BUFFER/U_canvas_buffer/mem_reg_0_0 has an input control pin U_TOP_BUFFER/U_TOP_CANVAS/U_CANVAS_BUFFER/U_canvas_buffer/mem_reg_0_0/ADDRARDADDR[12] (net: U_TOP_BUFFER/U_TOP_CANVAS/U_CANVAS_BUFFER/U_canvas_buffer/ram_waddr[12]) which is driven by a register (mem_reg_0_0_i_38) that has an active asychronous set or reset. This may cause corruption of the memory contents and/or read values when the set/reset is asserted and is not analyzed by the default static timing analysis. It is suggested to eliminate the use of a set/reset to registers driving this RAMB pin or else use a synchronous reset in which the assertion of the reset is timed by default.
Related violations: <none>

REQP-1839#5 Warning
RAMB36 async control check  
The RAMB36E1 U_TOP_BUFFER/U_TOP_CANVAS/U_CANVAS_BUFFER/U_canvas_buffer/mem_reg_0_0 has an input control pin U_TOP_BUFFER/U_TOP_CANVAS/U_CANVAS_BUFFER/U_canvas_buffer/mem_reg_0_0/ADDRARDADDR[13] (net: U_TOP_BUFFER/U_TOP_CANVAS/U_CANVAS_BUFFER/U_canvas_buffer/ram_waddr[13]) which is driven by a register (mem_reg_0_0_i_38) that has an active asychronous set or reset. This may cause corruption of the memory contents and/or read values when the set/reset is asserted and is not analyzed by the default static timing analysis. It is suggested to eliminate the use of a set/reset to registers driving this RAMB pin or else use a synchronous reset in which the assertion of the reset is timed by default.
Related violations: <none>

REQP-1839#6 Warning
RAMB36 async control check  
The RAMB36E1 U_TOP_BUFFER/U_TOP_CANVAS/U_CANVAS_BUFFER/U_canvas_buffer/mem_reg_0_0 has an input control pin U_TOP_BUFFER/U_TOP_CANVAS/U_CANVAS_BUFFER/U_canvas_buffer/mem_reg_0_0/ADDRARDADDR[14] (net: U_TOP_BUFFER/U_TOP_CANVAS/U_CANVAS_BUFFER/U_canvas_buffer/ram_waddr[14]) which is driven by a register (mem_reg_0_0_i_38) that has an active asychronous set or reset. This may cause corruption of the memory contents and/or read values when the set/reset is asserted and is not analyzed by the default static timing analysis. It is suggested to eliminate the use of a set/reset to registers driving this RAMB pin or else use a synchronous reset in which the assertion of the reset is timed by default.
Related violations: <none>

REQP-1839#7 Warning
RAMB36 async control check  
The RAMB36E1 U_TOP_BUFFER/U_TOP_CANVAS/U_CANVAS_BUFFER/U_canvas_buffer/mem_reg_0_0 has an input control pin U_TOP_BUFFER/U_TOP_CANVAS/U_CANVAS_BUFFER/U_canvas_buffer/mem_reg_0_0/ADDRARDADDR[15] (net: U_TOP_BUFFER/U_TOP_CANVAS/U_CANVAS_BUFFER/U_canvas_buffer/ram_waddr[15]) which is driven by a register (mem_reg_0_0_i_38) that has an active asychronous set or reset. This may cause corruption of the memory contents and/or read values when the set/reset is asserted and is not analyzed by the default static timing analysis. It is suggested to eliminate the use of a set/reset to registers driving this RAMB pin or else use a synchronous reset in which the assertion of the reset is timed by default.
Related violations: <none>

REQP-1839#8 Warning
RAMB36 async control check  
The RAMB36E1 U_TOP_BUFFER/U_TOP_CANVAS/U_CANVAS_BUFFER/U_canvas_buffer/mem_reg_0_0 has an input control pin U_TOP_BUFFER/U_TOP_CANVAS/U_CANVAS_BUFFER/U_canvas_buffer/mem_reg_0_0/ADDRARDADDR[1] (net: U_TOP_BUFFER/U_TOP_CANVAS/U_CANVAS_BUFFER/U_canvas_buffer/ram_waddr[1]) which is driven by a register (mem_reg_0_0_i_38) that has an active asychronous set or reset. This may cause corruption of the memory contents and/or read values when the set/reset is asserted and is not analyzed by the default static timing analysis. It is suggested to eliminate the use of a set/reset to registers driving this RAMB pin or else use a synchronous reset in which the assertion of the reset is timed by default.
Related violations: <none>

REQP-1839#9 Warning
RAMB36 async control check  
The RAMB36E1 U_TOP_BUFFER/U_TOP_CANVAS/U_CANVAS_BUFFER/U_canvas_buffer/mem_reg_0_0 has an input control pin U_TOP_BUFFER/U_TOP_CANVAS/U_CANVAS_BUFFER/U_canvas_buffer/mem_reg_0_0/ADDRARDADDR[2] (net: U_TOP_BUFFER/U_TOP_CANVAS/U_CANVAS_BUFFER/U_canvas_buffer/ram_waddr[2]) which is driven by a register (mem_reg_0_0_i_38) that has an active asychronous set or reset. This may cause corruption of the memory contents and/or read values when the set/reset is asserted and is not analyzed by the default static timing analysis. It is suggested to eliminate the use of a set/reset to registers driving this RAMB pin or else use a synchronous reset in which the assertion of the reset is timed by default.
Related violations: <none>

REQP-1839#10 Warning
RAMB36 async control check  
The RAMB36E1 U_TOP_BUFFER/U_TOP_CANVAS/U_CANVAS_BUFFER/U_canvas_buffer/mem_reg_0_0 has an input control pin U_TOP_BUFFER/U_TOP_CANVAS/U_CANVAS_BUFFER/U_canvas_buffer/mem_reg_0_0/ADDRARDADDR[3] (net: U_TOP_BUFFER/U_TOP_CANVAS/U_CANVAS_BUFFER/U_canvas_buffer/ram_waddr[3]) which is driven by a register (mem_reg_0_0_i_38) that has an active asychronous set or reset. This may cause corruption of the memory contents and/or read values when the set/reset is asserted and is not analyzed by the default static timing analysis. It is suggested to eliminate the use of a set/reset to registers driving this RAMB pin or else use a synchronous reset in which the assertion of the reset is timed by default.
Related violations: <none>

REQP-1839#11 Warning
RAMB36 async control check  
The RAMB36E1 U_TOP_BUFFER/U_TOP_CANVAS/U_CANVAS_BUFFER/U_canvas_buffer/mem_reg_0_0 has an input control pin U_TOP_BUFFER/U_TOP_CANVAS/U_CANVAS_BUFFER/U_canvas_buffer/mem_reg_0_0/ADDRARDADDR[4] (net: U_TOP_BUFFER/U_TOP_CANVAS/U_CANVAS_BUFFER/U_canvas_buffer/ram_waddr[4]) which is driven by a register (mem_reg_0_0_i_38) that has an active asychronous set or reset. This may cause corruption of the memory contents and/or read values when the set/reset is asserted and is not analyzed by the default static timing analysis. It is suggested to eliminate the use of a set/reset to registers driving this RAMB pin or else use a synchronous reset in which the assertion of the reset is timed by default.
Related violations: <none>

REQP-1839#12 Warning
RAMB36 async control check  
The RAMB36E1 U_TOP_BUFFER/U_TOP_CANVAS/U_CANVAS_BUFFER/U_canvas_buffer/mem_reg_0_0 has an input control pin U_TOP_BUFFER/U_TOP_CANVAS/U_CANVAS_BUFFER/U_canvas_buffer/mem_reg_0_0/ADDRARDADDR[5] (net: U_TOP_BUFFER/U_TOP_CANVAS/U_CANVAS_BUFFER/U_canvas_buffer/ram_waddr[5]) which is driven by a register (mem_reg_0_0_i_38) that has an active asychronous set or reset. This may cause corruption of the memory contents and/or read values when the set/reset is asserted and is not analyzed by the default static timing analysis. It is suggested to eliminate the use of a set/reset to registers driving this RAMB pin or else use a synchronous reset in which the assertion of the reset is timed by default.
Related violations: <none>

REQP-1839#13 Warning
RAMB36 async control check  
The RAMB36E1 U_TOP_BUFFER/U_TOP_CANVAS/U_CANVAS_BUFFER/U_canvas_buffer/mem_reg_0_0 has an input control pin U_TOP_BUFFER/U_TOP_CANVAS/U_CANVAS_BUFFER/U_canvas_buffer/mem_reg_0_0/ADDRARDADDR[6] (net: U_TOP_BUFFER/U_TOP_CANVAS/U_CANVAS_BUFFER/U_canvas_buffer/ram_waddr[6]) which is driven by a register (mem_reg_0_0_i_38) that has an active asychronous set or reset. This may cause corruption of the memory contents and/or read values when the set/reset is asserted and is not analyzed by the default static timing analysis. It is suggested to eliminate the use of a set/reset to registers driving this RAMB pin or else use a synchronous reset in which the assertion of the reset is timed by default.
Related violations: <none>

REQP-1839#14 Warning
RAMB36 async control check  
The RAMB36E1 U_TOP_BUFFER/U_TOP_CANVAS/U_CANVAS_BUFFER/U_canvas_buffer/mem_reg_0_0 has an input control pin U_TOP_BUFFER/U_TOP_CANVAS/U_CANVAS_BUFFER/U_canvas_buffer/mem_reg_0_0/ADDRARDADDR[7] (net: U_TOP_BUFFER/U_TOP_CANVAS/U_CANVAS_BUFFER/U_canvas_buffer/ram_waddr[7]) which is driven by a register (mem_reg_0_0_i_38) that has an active asychronous set or reset. This may cause corruption of the memory contents and/or read values when the set/reset is asserted and is not analyzed by the default static timing analysis. It is suggested to eliminate the use of a set/reset to registers driving this RAMB pin or else use a synchronous reset in which the assertion of the reset is timed by default.
Related violations: <none>

REQP-1839#15 Warning
RAMB36 async control check  
The RAMB36E1 U_TOP_BUFFER/U_TOP_CANVAS/U_CANVAS_BUFFER/U_canvas_buffer/mem_reg_0_0 has an input control pin U_TOP_BUFFER/U_TOP_CANVAS/U_CANVAS_BUFFER/U_canvas_buffer/mem_reg_0_0/ADDRARDADDR[8] (net: U_TOP_BUFFER/U_TOP_CANVAS/U_CANVAS_BUFFER/U_canvas_buffer/ram_waddr[8]) which is driven by a register (mem_reg_0_0_i_38) that has an active asychronous set or reset. This may cause corruption of the memory contents and/or read values when the set/reset is asserted and is not analyzed by the default static timing analysis. It is suggested to eliminate the use of a set/reset to registers driving this RAMB pin or else use a synchronous reset in which the assertion of the reset is timed by default.
Related violations: <none>

REQP-1839#16 Warning
RAMB36 async control check  
The RAMB36E1 U_TOP_BUFFER/U_TOP_CANVAS/U_CANVAS_BUFFER/U_canvas_buffer/mem_reg_0_0 has an input control pin U_TOP_BUFFER/U_TOP_CANVAS/U_CANVAS_BUFFER/U_canvas_buffer/mem_reg_0_0/ADDRARDADDR[9] (net: U_TOP_BUFFER/U_TOP_CANVAS/U_CANVAS_BUFFER/U_canvas_buffer/ram_waddr[9]) which is driven by a register (mem_reg_0_0_i_38) that has an active asychronous set or reset. This may cause corruption of the memory contents and/or read values when the set/reset is asserted and is not analyzed by the default static timing analysis. It is suggested to eliminate the use of a set/reset to registers driving this RAMB pin or else use a synchronous reset in which the assertion of the reset is timed by default.
Related violations: <none>

REQP-1839#17 Warning
RAMB36 async control check  
The RAMB36E1 U_TOP_BUFFER/U_TOP_CANVAS/U_CANVAS_BUFFER/U_canvas_buffer/mem_reg_0_0 has an input control pin U_TOP_BUFFER/U_TOP_CANVAS/U_CANVAS_BUFFER/U_canvas_buffer/mem_reg_0_0/ADDRBWRADDR[15] (net: U_TOP_BUFFER/U_TOP_CANVAS/U_CANVAS_BUFFER/U_canvas_buffer/raddr[15]) which is driven by a register (U_VGA_DECODER/U_HV_COUNTER/o_hcount_reg[6]) that has an active asychronous set or reset. This may cause corruption of the memory contents and/or read values when the set/reset is asserted and is not analyzed by the default static timing analysis. It is suggested to eliminate the use of a set/reset to registers driving this RAMB pin or else use a synchronous reset in which the assertion of the reset is timed by default.
Related violations: <none>

REQP-1839#18 Warning
RAMB36 async control check  
The RAMB36E1 U_TOP_BUFFER/U_TOP_CANVAS/U_CANVAS_BUFFER/U_canvas_buffer/mem_reg_0_0 has an input control pin U_TOP_BUFFER/U_TOP_CANVAS/U_CANVAS_BUFFER/U_canvas_buffer/mem_reg_0_0/ADDRBWRADDR[15] (net: U_TOP_BUFFER/U_TOP_CANVAS/U_CANVAS_BUFFER/U_canvas_buffer/raddr[15]) which is driven by a register (U_VGA_DECODER/U_HV_COUNTER/o_hcount_reg[7]) that has an active asychronous set or reset. This may cause corruption of the memory contents and/or read values when the set/reset is asserted and is not analyzed by the default static timing analysis. It is suggested to eliminate the use of a set/reset to registers driving this RAMB pin or else use a synchronous reset in which the assertion of the reset is timed by default.
Related violations: <none>

REQP-1839#19 Warning
RAMB36 async control check  
The RAMB36E1 U_TOP_BUFFER/U_TOP_CANVAS/U_CANVAS_BUFFER/U_canvas_buffer/mem_reg_0_0 has an input control pin U_TOP_BUFFER/U_TOP_CANVAS/U_CANVAS_BUFFER/U_canvas_buffer/mem_reg_0_0/ADDRBWRADDR[15] (net: U_TOP_BUFFER/U_TOP_CANVAS/U_CANVAS_BUFFER/U_canvas_buffer/raddr[15]) which is driven by a register (U_VGA_DECODER/U_HV_COUNTER/o_hcount_reg[8]) that has an active asychronous set or reset. This may cause corruption of the memory contents and/or read values when the set/reset is asserted and is not analyzed by the default static timing analysis. It is suggested to eliminate the use of a set/reset to registers driving this RAMB pin or else use a synchronous reset in which the assertion of the reset is timed by default.
Related violations: <none>

REQP-1839#20 Warning
RAMB36 async control check  
The RAMB36E1 U_TOP_BUFFER/U_TOP_CANVAS/U_CANVAS_BUFFER/U_canvas_buffer/mem_reg_0_0 has an input control pin U_TOP_BUFFER/U_TOP_CANVAS/U_CANVAS_BUFFER/U_canvas_buffer/mem_reg_0_0/ADDRBWRADDR[15] (net: U_TOP_BUFFER/U_TOP_CANVAS/U_CANVAS_BUFFER/U_canvas_buffer/raddr[15]) which is driven by a register (U_VGA_DECODER/U_HV_COUNTER/o_hcount_reg[9]) that has an active asychronous set or reset. This may cause corruption of the memory contents and/or read values when the set/reset is asserted and is not analyzed by the default static timing analysis. It is suggested to eliminate the use of a set/reset to registers driving this RAMB pin or else use a synchronous reset in which the assertion of the reset is timed by default.
Related violations: <none>

RPBF-3#1 Warning
IO port buffering is incomplete  
Device port sda expects both input and output buffering but the buffers are incomplete.
Related violations: <none>


